commit=4458a9de2f7477b34d0bb5b7585685185e65ea63
utc=2026-09-05T12-18-17Z
driver=570.195.03
gpu=NVIDIA H100 PCIe
correctness_hardware=any CUDA-capable NVIDIA GPU
performance_hardware=verified full-rate FP64 required
   Compiling sembla-cuda v0.3.0 (/home/ubuntu/sembla/crates/sembla-cuda)
    Finished `release` profile [optimized] target(s) in 3.53s
     Running unittests src/lib.rs (target/release/deps/sembla_cuda-6b75d9e03b236814)

running 1 test

running 0 tests

test result: ok. 0 passed; 0 failed; 0 ignored; 0 measured; 41 filtered out; finished in 0.00s

test backend::diagnostic_equality_hardware::negative_corpus_matches_cpu_status_under_four_geometries ... ok

test result: ok. 1 passed; 0 failed; 0 ignored; 0 measured; 40 filtered out; finished in 0.10s

    Finished `release` profile [optimized] target(s) in 0.01s
     Running unittests src/lib.rs (target/release/deps/sembla_cuda-6b75d9e03b236814)

running 1 test
test backend::sweep_capacity_tests::sparse_resource_reports_match_cpu_across_ticks_and_reset ... ok

test result: ok. 1 passed; 0 failed; 0 ignored; 0 measured; 40 filtered out; finished in 1.00s

    Finished `release` profile [optimized] target(s) in 0.01s
     Running `target/release/sembla diff-backends fixtures/demographic/benchmark/demographic_slots.no-grouped.json --population 1000 --seed 7 --ticks 20`
cuda_device_observation eligible=true reason=all scalar and grouped views are device-eligible
cuda_device_observation_view box="demographic" view="population" eligible=true reason=count with a row-local filter
cuda_device_observation_view box="demographic" view="invalid_age" eligible=true reason=count with a row-local filter
cuda_device_observation_view box="demographic" view="males" eligible=true reason=count with a row-local filter
cuda_device_observation_view box="demographic" view="females" eligible=true reason=count with a row-local filter
cuda_device_observation_view box="demographic" view="age_00_04" eligible=true reason=count with a row-local filter
cuda_device_observation_view box="demographic" view="age_20_24" eligible=true reason=count with a row-local filter
cuda_device_observation_view box="demographic" view="age_65_69" eligible=true reason=count with a row-local filter
cuda_device_observation_view box="demographic" view="age_85_plus" eligible=true reason=count with a row-local filter
cuda_device_observation_view box="demographic" view="births_this_tick" eligible=true reason=count with a row-local filter
cuda_device_observation_view box="demographic" view="deaths_this_tick" eligible=true reason=count with a row-local filter
cuda_device_observation_view box="demographic" view="overseas_arrivals_this_tick" eligible=true reason=count with a row-local filter
cuda_device_observation_view box="demographic" view="overseas_departures_this_tick" eligible=true reason=count with a row-local filter
cuda_device_observation_view box="demographic" view="internal_arrivals_this_tick" eligible=true reason=count with a row-local filter
cuda_device_observation_view box="demographic" view="internal_departures_this_tick" eligible=true reason=count with a row-local filter
cuda_device_observation_view box="demographic" view="locked_out" eligible=true reason=count with a row-local filter
cuda_device_observation_view box="demographic" view="vacant_birth_slots" eligible=true reason=count with a row-local filter
cuda_device_observation_view box="demographic" view="vacant_overseas_slots" eligible=true reason=count with a row-local filter
cuda_device_observation_view box="demographic" view="vacant_internal_slots" eligible=true reason=count with a row-local filter
cuda_device_observation_view box="demographic" view="max_generation" eligible=true reason=Int min/max with row-local filter and value
model=fixtures/demographic/benchmark/demographic_slots.no-grouped.json verdict=equal cpu_ticks_per_sec=4255.574 cuda_ticks_per_sec=238.541
    Finished `release` profile [optimized] target(s) in 0.01s
     Running `target/release/sembla diff-backends fixtures/demographic/demographic_slots.json --population fixtures/state/demographic_slots.state --seed 7 --ticks 20 --enable grouped-observations`
cuda_device_observation eligible=true reason=all scalar and grouped views are device-eligible
cuda_device_observation_view box="demographic" view="population" eligible=true reason=count with a row-local filter
cuda_device_observation_view box="demographic" view="invalid_age" eligible=true reason=count with a row-local filter
cuda_device_observation_view box="demographic" view="males" eligible=true reason=count with a row-local filter
cuda_device_observation_view box="demographic" view="females" eligible=true reason=count with a row-local filter
cuda_device_observation_view box="demographic" view="age_00_04" eligible=true reason=count with a row-local filter
cuda_device_observation_view box="demographic" view="age_20_24" eligible=true reason=count with a row-local filter
cuda_device_observation_view box="demographic" view="age_65_69" eligible=true reason=count with a row-local filter
cuda_device_observation_view box="demographic" view="age_85_plus" eligible=true reason=count with a row-local filter
cuda_device_observation_view box="demographic" view="births_this_tick" eligible=true reason=count with a row-local filter
cuda_device_observation_view box="demographic" view="deaths_this_tick" eligible=true reason=count with a row-local filter
cuda_device_observation_view box="demographic" view="overseas_arrivals_this_tick" eligible=true reason=count with a row-local filter
cuda_device_observation_view box="demographic" view="overseas_departures_this_tick" eligible=true reason=count with a row-local filter
cuda_device_observation_view box="demographic" view="internal_arrivals_this_tick" eligible=true reason=count with a row-local filter
cuda_device_observation_view box="demographic" view="internal_departures_this_tick" eligible=true reason=count with a row-local filter
cuda_device_observation_view box="demographic" view="locked_out" eligible=true reason=count with a row-local filter
cuda_device_observation_view box="demographic" view="vacant_birth_slots" eligible=true reason=count with a row-local filter
cuda_device_observation_view box="demographic" view="vacant_overseas_slots" eligible=true reason=count with a row-local filter
cuda_device_observation_view box="demographic" view="vacant_internal_slots" eligible=true reason=count with a row-local filter
cuda_device_observation_view box="demographic" view="max_generation" eligible=true reason=Int min/max with row-local filter and value
cuda_device_observation_view box="demographic" view="population_cells" eligible=true reason=grouped count with a row-local filter and exactly boundable keys
cuda_device_observation_view box="demographic" view="deaths_cells" eligible=true reason=grouped count with a row-local filter and exactly boundable keys
cuda_device_observation_view box="demographic" view="vacancy_cells" eligible=true reason=grouped count with a row-local filter and exactly boundable keys
cuda_device_grouped_observation tick=0 box="demographic" view="population_cells" key_space_size=152 occupied_groups=76 emitted_groups=76
cuda_device_grouped_observation tick=0 box="demographic" view="deaths_cells" key_space_size=36 occupied_groups=15 emitted_groups=15
cuda_device_grouped_observation tick=0 box="demographic" view="vacancy_cells" key_space_size=12 occupied_groups=12 emitted_groups=12
cuda_device_grouped_observation tick=1 box="demographic" view="population_cells" key_space_size=160 occupied_groups=78 emitted_groups=78
cuda_device_grouped_observation tick=1 box="demographic" view="deaths_cells" key_space_size=40 occupied_groups=13 emitted_groups=13
cuda_device_grouped_observation tick=1 box="demographic" view="vacancy_cells" key_space_size=12 occupied_groups=12 emitted_groups=12
cuda_device_grouped_observation tick=2 box="demographic" view="population_cells" key_space_size=160 occupied_groups=78 emitted_groups=78
cuda_device_grouped_observation tick=2 box="demographic" view="deaths_cells" key_space_size=40 occupied_groups=10 emitted_groups=10
cuda_device_grouped_observation tick=2 box="demographic" view="vacancy_cells" key_space_size=12 occupied_groups=12 emitted_groups=12
cuda_device_grouped_observation tick=3 box="demographic" view="population_cells" key_space_size=160 occupied_groups=79 emitted_groups=79
cuda_device_grouped_observation tick=3 box="demographic" view="deaths_cells" key_space_size=40 occupied_groups=17 emitted_groups=17
cuda_device_grouped_observation tick=3 box="demographic" view="vacancy_cells" key_space_size=12 occupied_groups=12 emitted_groups=12
cuda_device_grouped_observation tick=4 box="demographic" view="population_cells" key_space_size=160 occupied_groups=79 emitted_groups=79
cuda_device_grouped_observation tick=4 box="demographic" view="deaths_cells" key_space_size=40 occupied_groups=12 emitted_groups=12
cuda_device_grouped_observation tick=4 box="demographic" view="vacancy_cells" key_space_size=12 occupied_groups=12 emitted_groups=12
cuda_device_grouped_observation tick=5 box="demographic" view="population_cells" key_space_size=160 occupied_groups=79 emitted_groups=79
cuda_device_grouped_observation tick=5 box="demographic" view="deaths_cells" key_space_size=40 occupied_groups=14 emitted_groups=14
cuda_device_grouped_observation tick=5 box="demographic" view="vacancy_cells" key_space_size=12 occupied_groups=12 emitted_groups=12
cuda_device_grouped_observation tick=6 box="demographic" view="population_cells" key_space_size=160 occupied_groups=79 emitted_groups=79
cuda_device_grouped_observation tick=6 box="demographic" view="deaths_cells" key_space_size=40 occupied_groups=13 emitted_groups=13
cuda_device_grouped_observation tick=6 box="demographic" view="vacancy_cells" key_space_size=12 occupied_groups=12 emitted_groups=12
cuda_device_grouped_observation tick=7 box="demographic" view="population_cells" key_space_size=160 occupied_groups=80 emitted_groups=80
cuda_device_grouped_observation tick=7 box="demographic" view="deaths_cells" key_space_size=40 occupied_groups=12 emitted_groups=12
cuda_device_grouped_observation tick=7 box="demographic" view="vacancy_cells" key_space_size=12 occupied_groups=12 emitted_groups=12
cuda_device_grouped_observation tick=8 box="demographic" view="population_cells" key_space_size=160 occupied_groups=80 emitted_groups=80
cuda_device_grouped_observation tick=8 box="demographic" view="deaths_cells" key_space_size=40 occupied_groups=12 emitted_groups=12
cuda_device_grouped_observation tick=8 box="demographic" view="vacancy_cells" key_space_size=12 occupied_groups=12 emitted_groups=12
cuda_device_grouped_observation tick=9 box="demographic" view="population_cells" key_space_size=160 occupied_groups=80 emitted_groups=80
cuda_device_grouped_observation tick=9 box="demographic" view="deaths_cells" key_space_size=40 occupied_groups=10 emitted_groups=10
cuda_device_grouped_observation tick=9 box="demographic" view="vacancy_cells" key_space_size=12 occupied_groups=12 emitted_groups=12
cuda_device_grouped_observation tick=10 box="demographic" view="population_cells" key_space_size=160 occupied_groups=80 emitted_groups=80
cuda_device_grouped_observation tick=10 box="demographic" view="deaths_cells" key_space_size=40 occupied_groups=15 emitted_groups=15
cuda_device_grouped_observation tick=10 box="demographic" view="vacancy_cells" key_space_size=12 occupied_groups=12 emitted_groups=12
cuda_device_grouped_observation tick=11 box="demographic" view="population_cells" key_space_size=160 occupied_groups=80 emitted_groups=80
cuda_device_grouped_observation tick=11 box="demographic" view="deaths_cells" key_space_size=40 occupied_groups=9 emitted_groups=9
cuda_device_grouped_observation tick=11 box="demographic" view="vacancy_cells" key_space_size=12 occupied_groups=12 emitted_groups=12
cuda_device_grouped_observation tick=12 box="demographic" view="population_cells" key_space_size=160 occupied_groups=80 emitted_groups=80
cuda_device_grouped_observation tick=12 box="demographic" view="deaths_cells" key_space_size=40 occupied_groups=15 emitted_groups=15
cuda_device_grouped_observation tick=12 box="demographic" view="vacancy_cells" key_space_size=12 occupied_groups=12 emitted_groups=12
cuda_device_grouped_observation tick=13 box="demographic" view="population_cells" key_space_size=160 occupied_groups=80 emitted_groups=80
cuda_device_grouped_observation tick=13 box="demographic" view="deaths_cells" key_space_size=40 occupied_groups=11 emitted_groups=11
cuda_device_grouped_observation tick=13 box="demographic" view="vacancy_cells" key_space_size=12 occupied_groups=12 emitted_groups=12
cuda_device_grouped_observation tick=14 box="demographic" view="population_cells" key_space_size=160 occupied_groups=80 emitted_groups=80
cuda_device_grouped_observation tick=14 box="demographic" view="deaths_cells" key_space_size=40 occupied_groups=6 emitted_groups=6
cuda_device_grouped_observation tick=14 box="demographic" view="vacancy_cells" key_space_size=12 occupied_groups=12 emitted_groups=12
cuda_device_grouped_observation tick=15 box="demographic" view="population_cells" key_space_size=160 occupied_groups=80 emitted_groups=80
cuda_device_grouped_observation tick=15 box="demographic" view="deaths_cells" key_space_size=40 occupied_groups=12 emitted_groups=12
cuda_device_grouped_observation tick=15 box="demographic" view="vacancy_cells" key_space_size=12 occupied_groups=12 emitted_groups=12
cuda_device_grouped_observation tick=16 box="demographic" view="population_cells" key_space_size=160 occupied_groups=80 emitted_groups=80
cuda_device_grouped_observation tick=16 box="demographic" view="deaths_cells" key_space_size=40 occupied_groups=8 emitted_groups=8
cuda_device_grouped_observation tick=16 box="demographic" view="vacancy_cells" key_space_size=12 occupied_groups=12 emitted_groups=12
cuda_device_grouped_observation tick=17 box="demographic" view="population_cells" key_space_size=160 occupied_groups=80 emitted_groups=80
cuda_device_grouped_observation tick=17 box="demographic" view="deaths_cells" key_space_size=40 occupied_groups=13 emitted_groups=13
cuda_device_grouped_observation tick=17 box="demographic" view="vacancy_cells" key_space_size=12 occupied_groups=12 emitted_groups=12
cuda_device_grouped_observation tick=18 box="demographic" view="population_cells" key_space_size=160 occupied_groups=80 emitted_groups=80
cuda_device_grouped_observation tick=18 box="demographic" view="deaths_cells" key_space_size=40 occupied_groups=7 emitted_groups=7
cuda_device_grouped_observation tick=18 box="demographic" view="vacancy_cells" key_space_size=12 occupied_groups=12 emitted_groups=12
cuda_device_grouped_observation tick=19 box="demographic" view="population_cells" key_space_size=160 occupied_groups=80 emitted_groups=80
cuda_device_grouped_observation tick=19 box="demographic" view="deaths_cells" key_space_size=40 occupied_groups=15 emitted_groups=15
cuda_device_grouped_observation tick=19 box="demographic" view="vacancy_cells" key_space_size=12 occupied_groups=12 emitted_groups=12
model=fixtures/demographic/demographic_slots.json verdict=equal cpu_ticks_per_sec=571.915 cuda_ticks_per_sec=221.448
   Compiling sembla-cli v0.3.0 (/home/ubuntu/sembla/crates/sembla-cli)
    Finished `release` profile [optimized] target(s) in 1.06s
     Running tests/gpu_differential.rs (target/release/deps/gpu_differential-f8b433bbf7a696d9)

running 9 tests
test ineligible_views_take_state_download_differential_fallback ... ok
test eligible_views_take_device_observation_differential_path ... ok
test grouped_demographic_configuration_uses_device_histograms_differentially ... ok
test cuda_manifest_verify_and_level_a_bytes_round_trip ... ok
test lockstep_nonblocking_stream_sweep_matches_sequential_cuda ... ok
test supported_free_stream_sweep_is_draw_independent_and_publishes_in_k_order ... ok
test fused_grid_y_sweep_matches_sequential_cuda_with_partial_tail ... ok
test differential_corpus_passes ... ok
test supported_composition_plan_differential_corpus_passes ... ok

test result: ok. 9 passed; 0 failed; 0 ignored; 0 measured; 1 filtered out; finished in 26.16s

    Finished `release` profile [optimized] target(s) in 0.01s
     Running `target/release/sembla diff-backends --all-examples --population 100 --seed 7 --ticks 20`
cuda_device_observation eligible=false reason=no declared views; legacy state reporting requires host state
model=examples/noisy_voter.json verdict=equal cpu_ticks_per_sec=20838.413 cuda_ticks_per_sec=259.362
cuda_device_observation eligible=false reason=at least one view requires host observation
cuda_device_observation_view box="population" view="total_value" eligible=false reason=Sum preserves host order for Real and host overflow association for Int
cuda_device_observation_view box="population" view="active_count" eligible=true reason=count with a row-local filter
cuda_device_observation_view box="population" view="minimum_visits" eligible=true reason=Int min/max with row-local filter and value
cuda_device_observation_view box="population" view="maximum_value" eligible=false reason=value is not a row-local infallible Int expression; Real extrema retain host NaN ordering
model=examples/observations.json verdict=equal cpu_ticks_per_sec=24844.998 cuda_ticks_per_sec=274.220
cuda_device_observation eligible=false reason=no declared views; legacy state reporting requires host state
model=examples/radioactive_decay_chain.json verdict=equal cpu_ticks_per_sec=24092.931 cuda_ticks_per_sec=269.334
cuda_device_observation eligible=false reason=no declared views; legacy state reporting requires host state
model=examples/reversible_ctmc.json verdict=equal cpu_ticks_per_sec=25250.899 cuda_ticks_per_sec=268.616
cuda_device_observation eligible=false reason=no declared views; legacy state reporting requires host state
model=examples/seirs_waning.json verdict=equal cpu_ticks_per_sec=21916.511 cuda_ticks_per_sec=259.166
cuda_device_observation eligible=true reason=all scalar and grouped views are device-eligible
cuda_device_observation_view box="sir" view="S" eligible=true reason=count with a row-local filter
cuda_device_observation_view box="sir" view="I" eligible=true reason=count with a row-local filter
cuda_device_observation_view box="sir" view="R" eligible=true reason=count with a row-local filter
model=examples/sir.json verdict=equal cpu_ticks_per_sec=23821.349 cuda_ticks_per_sec=256.646
cuda_device_observation eligible=true reason=all scalar and grouped views are device-eligible
cuda_device_observation_view box="population" view="S" eligible=true reason=count with a row-local filter
cuda_device_observation_view box="population" view="I" eligible=true reason=count with a row-local filter
cuda_device_observation_view box="population" view="R" eligible=true reason=count with a row-local filter
model=examples/sir_policy.json verdict=equal cpu_ticks_per_sec=28.383 cuda_ticks_per_sec=2.623
cuda_device_observation eligible=false reason=no declared views; legacy state reporting requires host state
model=examples/sis_importation.json verdict=equal cpu_ticks_per_sec=21885.526 cuda_ticks_per_sec=261.563
cuda_device_observation eligible=false reason=no declared views; legacy state reporting requires host state
model=examples/two_box.json verdict=equal cpu_ticks_per_sec=23793.265 cuda_ticks_per_sec=260.579
cuda_device_observation eligible=false reason=no declared views; legacy state reporting requires host state
model=examples/two_box_merged.json verdict=equal cpu_ticks_per_sec=18449.436 cuda_ticks_per_sec=261.116
cuda_device_observation eligible=false reason=no declared views; legacy state reporting requires host state
model=examples/two_state.json verdict=equal cpu_ticks_per_sec=24818.761 cuda_ticks_per_sec=265.641
corpus_verdict=equal models=11
    Finished `release` profile [optimized] target(s) in 0.01s
     Running `target/release/sembla diff-backends --all-plan-fixtures --population 1000 --seed 7 --ticks 20 --enable grouped-observations`
cuda_device_observation eligible=true reason=all scalar and grouped views are device-eligible
cuda_device_observation_view box="world" view="population" eligible=true reason=count with a row-local filter
cuda_device_observation_view box="world" view="population_cells" eligible=true reason=grouped count with a row-local filter and exactly boundable keys
cuda_device_grouped_observation tick=0 box="world" view="population_cells" key_space_size=2000 occupied_groups=1 emitted_groups=1
cuda_device_grouped_observation tick=1 box="world" view="population_cells" key_space_size=2000 occupied_groups=1 emitted_groups=1
cuda_device_grouped_observation tick=2 box="world" view="population_cells" key_space_size=2000 occupied_groups=1 emitted_groups=1
cuda_device_grouped_observation tick=3 box="world" view="population_cells" key_space_size=2000 occupied_groups=1 emitted_groups=1
cuda_device_grouped_observation tick=4 box="world" view="population_cells" key_space_size=2000 occupied_groups=1 emitted_groups=1
cuda_device_grouped_observation tick=5 box="world" view="population_cells" key_space_size=2000 occupied_groups=1 emitted_groups=1
cuda_device_grouped_observation tick=6 box="world" view="population_cells" key_space_size=2000 occupied_groups=1 emitted_groups=1
cuda_device_grouped_observation tick=7 box="world" view="population_cells" key_space_size=2000 occupied_groups=1 emitted_groups=1
cuda_device_grouped_observation tick=8 box="world" view="population_cells" key_space_size=2000 occupied_groups=1 emitted_groups=1
cuda_device_grouped_observation tick=9 box="world" view="population_cells" key_space_size=2000 occupied_groups=1 emitted_groups=1
cuda_device_grouped_observation tick=10 box="world" view="population_cells" key_space_size=2000 occupied_groups=1 emitted_groups=1
cuda_device_grouped_observation tick=11 box="world" view="population_cells" key_space_size=2000 occupied_groups=1 emitted_groups=1
cuda_device_grouped_observation tick=12 box="world" view="population_cells" key_space_size=2000 occupied_groups=1 emitted_groups=1
cuda_device_grouped_observation tick=13 box="world" view="population_cells" key_space_size=2000 occupied_groups=1 emitted_groups=1
cuda_device_grouped_observation tick=14 box="world" view="population_cells" key_space_size=2000 occupied_groups=1 emitted_groups=1
cuda_device_grouped_observation tick=15 box="world" view="population_cells" key_space_size=2000 occupied_groups=1 emitted_groups=1
cuda_device_grouped_observation tick=16 box="world" view="population_cells" key_space_size=2000 occupied_groups=1 emitted_groups=1
cuda_device_grouped_observation tick=17 box="world" view="population_cells" key_space_size=2000 occupied_groups=1 emitted_groups=1
cuda_device_grouped_observation tick=18 box="world" view="population_cells" key_space_size=2000 occupied_groups=1 emitted_groups=1
cuda_device_grouped_observation tick=19 box="world" view="population_cells" key_space_size=2000 occupied_groups=1 emitted_groups=1
model=fixtures/plans/grouped_observation.plan.json verdict=equal cpu_ticks_per_sec=11662.814 cuda_ticks_per_sec=264.507
cuda_device_observation eligible=true reason=all scalar and grouped views are device-eligible
cuda_device_observation_view box="population" view="I" eligible=true reason=count with a row-local filter
cuda_device_observation_view box="population" view="R" eligible=true reason=count with a row-local filter
cuda_device_observation_view box="population" view="S" eligible=true reason=count with a row-local filter
model=fixtures/plans/linked/epidemic_policy.plan.json verdict=equal cpu_ticks_per_sec=15930.365 cuda_ticks_per_sec=235.207
cuda_device_observation eligible=true reason=all scalar and grouped views are device-eligible
cuda_device_observation_view box="population" view="I" eligible=true reason=count with a row-local filter
cuda_device_observation_view box="population" view="R" eligible=true reason=count with a row-local filter
cuda_device_observation_view box="population" view="S" eligible=true reason=count with a row-local filter
model=fixtures/plans/linked/independent_epidemic_policy.plan.json verdict=equal cpu_ticks_per_sec=16271.222 cuda_ticks_per_sec=242.038
cuda_device_observation eligible=true reason=all scalar and grouped views are device-eligible
cuda_device_observation_view box="pong" view="seen_yes" eligible=true reason=count with a row-local filter
model=fixtures/plans/linked/ping_pong.plan.json verdict=equal cpu_ticks_per_sec=24975.493 cuda_ticks_per_sec=261.178
cuda_device_observation eligible=true reason=all scalar and grouped views are device-eligible
cuda_device_observation_view box="epidemic/population" view="I" eligible=true reason=count with a row-local filter
cuda_device_observation_view box="epidemic/population" view="R" eligible=true reason=count with a row-local filter
cuda_device_observation_view box="epidemic/population" view="S" eligible=true reason=count with a row-local filter
model=fixtures/plans/linked/regional_response.plan.json verdict=equal cpu_ticks_per_sec=15849.192 cuda_ticks_per_sec=228.231
cuda_device_observation eligible=true reason=all scalar and grouped views are device-eligible
cuda_device_observation_view box="population" view="I" eligible=true reason=count with a row-local filter
cuda_device_observation_view box="population" view="R" eligible=true reason=count with a row-local filter
cuda_device_observation_view box="population" view="S" eligible=true reason=count with a row-local filter
model=fixtures/plans/linked/solo_population.plan.json verdict=equal cpu_ticks_per_sec=16635.697 cuda_ticks_per_sec=238.072
cuda_device_observation eligible=true reason=all scalar and grouped views are device-eligible
cuda_device_observation_view box="north/population" view="I" eligible=true reason=count with a row-local filter
cuda_device_observation_view box="north/population" view="R" eligible=true reason=count with a row-local filter
cuda_device_observation_view box="north/population" view="S" eligible=true reason=count with a row-local filter
cuda_device_observation_view box="south/population" view="I" eligible=true reason=count with a row-local filter
cuda_device_observation_view box="south/population" view="R" eligible=true reason=count with a row-local filter
cuda_device_observation_view box="south/population" view="S" eligible=true reason=count with a row-local filter
model=fixtures/plans/linked/two_independent_regions.plan.json verdict=equal cpu_ticks_per_sec=11339.186 cuda_ticks_per_sec=217.512
cuda_device_observation eligible=true reason=all scalar and grouped views are device-eligible
cuda_device_observation_view box="north/population" view="I" eligible=true reason=count with a row-local filter
cuda_device_observation_view box="north/population" view="R" eligible=true reason=count with a row-local filter
cuda_device_observation_view box="north/population" view="S" eligible=true reason=count with a row-local filter
cuda_device_observation_view box="south/population" view="I" eligible=true reason=count with a row-local filter
cuda_device_observation_view box="south/population" view="R" eligible=true reason=count with a row-local filter
cuda_device_observation_view box="south/population" view="S" eligible=true reason=count with a row-local filter
model=fixtures/plans/linked/two_regions.plan.json verdict=equal cpu_ticks_per_sec=10953.928 cuda_ticks_per_sec=205.721
cuda_device_observation eligible=true reason=all scalar and grouped views are device-eligible
cuda_device_observation_view box="wpong/pong" view="seen_yes" eligible=true reason=count with a row-local filter
model=fixtures/plans/linked/wrapped_ping_pong.plan.json verdict=equal cpu_ticks_per_sec=24361.248 cuda_ticks_per_sec=257.185
cuda_device_observation eligible=false reason=at least one view requires host observation
cuda_device_observation_view box="population" view="active_count" eligible=true reason=count with a row-local filter
cuda_device_observation_view box="population" view="maximum_value" eligible=false reason=value is not a row-local infallible Int expression; Real extrema retain host NaN ordering
cuda_device_observation_view box="population" view="minimum_visits" eligible=true reason=Int min/max with row-local filter and value
cuda_device_observation_view box="population" view="total_value" eligible=false reason=Sum preserves host order for Real and host overflow association for Int
model=fixtures/plans/observations.plan.json verdict=equal cpu_ticks_per_sec=17610.393 cuda_ticks_per_sec=266.899
cuda_device_observation eligible=true reason=all scalar and grouped views are device-eligible
cuda_device_observation_view box="sir" view="I" eligible=true reason=count with a row-local filter
cuda_device_observation_view box="sir" view="R" eligible=true reason=count with a row-local filter
cuda_device_observation_view box="sir" view="S" eligible=true reason=count with a row-local filter
model=fixtures/plans/sir.plan.json verdict=equal cpu_ticks_per_sec=17535.246 cuda_ticks_per_sec=245.656
cuda_device_observation eligible=true reason=all scalar and grouped views are device-eligible
cuda_device_observation_view box="population" view="I" eligible=true reason=count with a row-local filter
cuda_device_observation_view box="population" view="R" eligible=true reason=count with a row-local filter
cuda_device_observation_view box="population" view="S" eligible=true reason=count with a row-local filter
model=fixtures/plans/sir_policy.plan.json verdict=equal cpu_ticks_per_sec=29.150 cuda_ticks_per_sec=2.630
cuda_device_observation eligible=false reason=no declared views; legacy state reporting requires host state
model=fixtures/plans/two_box.plan.json verdict=equal cpu_ticks_per_sec=23672.561 cuda_ticks_per_sec=258.235
cuda_device_observation eligible=false reason=no declared views; legacy state reporting requires host state
model=fixtures/plans/two_box_plus_sibling.plan.json verdict=equal cpu_ticks_per_sec=23809.524 cuda_ticks_per_sec=258.563
corpus_verdict=equal models=14
da6ec4023321547972529de3aae0e76d868ba16143526f027912d37ea16c5b62  provenance.txt
d7592dbe49940fa84f0f1bf557744dbe44d87aabd92de751e4013cd249fc3434  diagnostic-corpus.log
f3a83bb6ba1a333d0f7562caa0d6825e50bf445ca87eb185606a762bc89290dc  tests.log
828734e9a33ce9f2a78900ab26d40095e1c10355e5c81b898af8108c952fb201  demographic-corpus.log
44ecb528c58120c20b38d99541d0cd0cd8ac74cf6b5b2f37cad441d25010114f  demographic-grouped-corpus.log
2de2f3f35e35045931d4ceb90425db176716751a29cf24f2b3441e894e626c19  corpus.log
424db3ce5a7b8c5921444a5d9cc9efd90acdea6048cc7d656caba7becc7bfa79  plan-corpus.log
CUDA differential corpus passed; evidence: /home/ubuntu/demographic-bench/differential-corpus
Copy the recorded commit/GPU/driver/verdict/rates into the dated evidence note, then destroy remote resources.
