    Finished `release` profile [optimized] target(s) in 0.01s
     Running `target/release/sembla diff-backends --all-examples --population 100 --seed 7 --ticks 20`
cuda_device_observation eligible=false reason=no declared views; legacy state reporting requires host state
model=examples/noisy_voter.json verdict=equal cpu_ticks_per_sec=65503.113 cuda_ticks_per_sec=250.853
cuda_device_observation eligible=false reason=at least one view requires host observation
cuda_device_observation_view box="population" view="total_value" eligible=false reason=Sum preserves host order for Real and host overflow association for Int
cuda_device_observation_view box="population" view="active_count" eligible=true reason=count with a row-local filter
cuda_device_observation_view box="population" view="minimum_visits" eligible=true reason=Int min/max with row-local filter and value
cuda_device_observation_view box="population" view="maximum_value" eligible=false reason=value is not a row-local infallible Int expression; Real extrema retain host NaN ordering
model=examples/observations.json verdict=equal cpu_ticks_per_sec=134713.700 cuda_ticks_per_sec=269.588
cuda_device_observation eligible=false reason=no declared views; legacy state reporting requires host state
model=examples/radioactive_decay_chain.json verdict=equal cpu_ticks_per_sec=107626.407 cuda_ticks_per_sec=256.559
cuda_device_observation eligible=false reason=no declared views; legacy state reporting requires host state
model=examples/reversible_ctmc.json verdict=equal cpu_ticks_per_sec=129271.619 cuda_ticks_per_sec=257.981
cuda_device_observation eligible=false reason=no declared views; legacy state reporting requires host state
model=examples/seirs_waning.json verdict=equal cpu_ticks_per_sec=77679.858 cuda_ticks_per_sec=242.677
cuda_device_observation eligible=true reason=all scalar and grouped views are device-eligible
cuda_device_observation_view box="sir" view="S" eligible=true reason=count with a row-local filter
cuda_device_observation_view box="sir" view="I" eligible=true reason=count with a row-local filter
cuda_device_observation_view box="sir" view="R" eligible=true reason=count with a row-local filter
model=examples/sir.json verdict=equal cpu_ticks_per_sec=119495.014 cuda_ticks_per_sec=253.046
cuda_device_observation eligible=true reason=all scalar and grouped views are device-eligible
cuda_device_observation_view box="population" view="S" eligible=true reason=count with a row-local filter
cuda_device_observation_view box="population" view="I" eligible=true reason=count with a row-local filter
cuda_device_observation_view box="population" view="R" eligible=true reason=count with a row-local filter
model=examples/sir_policy.json verdict=equal cpu_ticks_per_sec=29.039 cuda_ticks_per_sec=1.754
cuda_device_observation eligible=false reason=no declared views; legacy state reporting requires host state
model=examples/sis_importation.json verdict=equal cpu_ticks_per_sec=89115.440 cuda_ticks_per_sec=255.187
cuda_device_observation eligible=false reason=no declared views; legacy state reporting requires host state
model=examples/two_box.json verdict=equal cpu_ticks_per_sec=118996.620 cuda_ticks_per_sec=254.109
cuda_device_observation eligible=false reason=no declared views; legacy state reporting requires host state
model=examples/two_box_merged.json verdict=equal cpu_ticks_per_sec=48696.635 cuda_ticks_per_sec=253.165
cuda_device_observation eligible=false reason=no declared views; legacy state reporting requires host state
model=examples/two_state.json verdict=equal cpu_ticks_per_sec=143257.240 cuda_ticks_per_sec=257.050
corpus_verdict=equal models=11
