=== building one sembla-cli binary with CUDA ===
    Updating crates.io index
 Downloading crates ...
  Downloaded crypto-common v0.1.7
  Downloaded version_check v0.9.5
  Downloaded cpufeatures v0.2.17
  Downloaded generic-array v0.14.7
  Downloaded zmij v1.0.21
  Downloaded typenum v1.20.1
  Downloaded syn v2.0.118
  Downloaded sha2 v0.10.9
  Downloaded libm v0.2.16
  Downloaded digest v0.10.7
  Downloaded block-buffer v0.10.4
  Downloaded cudarc v0.17.6
   Compiling version_check v0.9.5
   Compiling proc-macro2 v1.0.106
   Compiling typenum v1.20.1
   Compiling unicode-ident v1.0.24
   Compiling quote v1.0.46
   Compiling serde_core v1.0.228
   Compiling cfg-if v1.0.4
   Compiling zmij v1.0.21
   Compiling serde_json v1.0.150
   Compiling serde v1.0.228
   Compiling itoa v1.0.18
   Compiling libm v0.2.16
   Compiling cpufeatures v0.2.17
   Compiling memchr v2.8.3
   Compiling cudarc v0.17.6
   Compiling libloading v0.8.9
   Compiling generic-array v0.14.7
   Compiling syn v2.0.118
   Compiling block-buffer v0.10.4
   Compiling crypto-common v0.1.7
   Compiling digest v0.10.7
   Compiling sha2 v0.10.9
   Compiling serde_derive v1.0.228
   Compiling sembla-ir v0.3.0 (/home/ubuntu/sembla/crates/sembla-ir)
   Compiling sembla-runtime v0.3.0 (/home/ubuntu/sembla/crates/sembla-runtime)
   Compiling sembla-cuda v0.3.0 (/home/ubuntu/sembla/crates/sembla-cuda)
   Compiling sembla-cpu v0.3.0 (/home/ubuntu/sembla/crates/sembla-cpu)
   Compiling sembla-cli v0.3.0 (/home/ubuntu/sembla/crates/sembla-cli)
    Finished `release` profile [optimized] target(s) in 12.81s
=== phase-attribution profile (5M rows, 2 ticks) ===
grouped profile (cuda) complete
grouped profile (cpu) complete
grouped CPU/CUDA outputs identical at 5M rows across 5 file(s):
  profile-grouped-*.csv
  profile-grouped-*.csv.summaries.csv
  profile-grouped-*.grouped.deaths_cells.csv
  profile-grouped-*.grouped.population_cells.csv
  profile-grouped-*.grouped.vacancy_cells.csv
=== phase-attribution profile complete ===
=== CPU/CUDA differential corpus ===
commit=1688e51ac107511908d762e389bb26f4850fd747
utc=2026-09-05T03-01-25Z
driver=570.195.03
gpu=NVIDIA H100 PCIe
correctness_hardware=any CUDA-capable NVIDIA GPU
performance_hardware=verified full-rate FP64 required
   Compiling sembla-cuda v0.3.0 (/home/ubuntu/sembla/crates/sembla-cuda)
    Finished `release` profile [optimized] target(s) in 2.89s
     Running unittests src/lib.rs (target/release/deps/sembla_cuda-6b75d9e03b236814)

running 1 test

running 0 tests

test result: ok. 0 passed; 0 failed; 0 ignored; 0 measured; 39 filtered out; finished in 0.00s

test backend::diagnostic_equality_hardware::negative_corpus_matches_cpu_status_under_four_geometries ... ok

test result: ok. 1 passed; 0 failed; 0 ignored; 0 measured; 38 filtered out; finished in 0.10s

    Finished `release` profile [optimized] target(s) in 0.01s
     Running `target/release/sembla diff-backends fixtures/demographic/benchmark/demographic_slots.no-grouped.json --population 1000 --seed 7 --ticks 20`
cuda_device_observation eligible=true reason=all scalar and grouped views are device-eligible
cuda_device_observation_view box="demographic" view="population" eligible=true reason=count with a row-local filter
cuda_device_observation_view box="demographic" view="invalid_age" eligible=true reason=count with a row-local filter
cuda_device_observation_view box="demographic" view="males" eligible=true reason=count with a row-local filter
cuda_device_observation_view box="demographic" view="females" eligible=true reason=count with a row-local filter
cuda_device_observation_view box="demographic" view="age_00_04" eligible=true reason=count with a row-local filter
cuda_device_observation_view box="demographic" view="age_20_24" eligible=true reason=count with a row-local filter
cuda_device_observation_view box="demographic" view="age_65_69" eligible=true reason=count with a row-local filter
cuda_device_observation_view box="demographic" view="age_85_plus" eligible=true reason=count with a row-local filter
cuda_device_observation_view box="demographic" view="births_this_tick" eligible=true reason=count with a row-local filter
cuda_device_observation_view box="demographic" view="deaths_this_tick" eligible=true reason=count with a row-local filter
cuda_device_observation_view box="demographic" view="overseas_arrivals_this_tick" eligible=true reason=count with a row-local filter
cuda_device_observation_view box="demographic" view="overseas_departures_this_tick" eligible=true reason=count with a row-local filter
cuda_device_observation_view box="demographic" view="internal_arrivals_this_tick" eligible=true reason=count with a row-local filter
cuda_device_observation_view box="demographic" view="internal_departures_this_tick" eligible=true reason=count with a row-local filter
cuda_device_observation_view box="demographic" view="locked_out" eligible=true reason=count with a row-local filter
cuda_device_observation_view box="demographic" view="vacant_birth_slots" eligible=true reason=count with a row-local filter
cuda_device_observation_view box="demographic" view="vacant_overseas_slots" eligible=true reason=count with a row-local filter
cuda_device_observation_view box="demographic" view="vacant_internal_slots" eligible=true reason=count with a row-local filter
cuda_device_observation_view box="demographic" view="max_generation" eligible=true reason=Int min/max with row-local filter and value
model=fixtures/demographic/benchmark/demographic_slots.no-grouped.json verdict=equal cpu_ticks_per_sec=4222.666 cuda_ticks_per_sec=243.243
    Finished `release` profile [optimized] target(s) in 0.01s
     Running `target/release/sembla diff-backends fixtures/demographic/demographic_slots.json --population fixtures/state/demographic_slots.state --seed 7 --ticks 20 --enable grouped-observations`
cuda_device_observation eligible=true reason=all scalar and grouped views are device-eligible
cuda_device_observation_view box="demographic" view="population" eligible=true reason=count with a row-local filter
cuda_device_observation_view box="demographic" view="invalid_age" eligible=true reason=count with a row-local filter
cuda_device_observation_view box="demographic" view="males" eligible=true reason=count with a row-local filter
cuda_device_observation_view box="demographic" view="females" eligible=true reason=count with a row-local filter
cuda_device_observation_view box="demographic" view="age_00_04" eligible=true reason=count with a row-local filter
cuda_device_observation_view box="demographic" view="age_20_24" eligible=true reason=count with a row-local filter
cuda_device_observation_view box="demographic" view="age_65_69" eligible=true reason=count with a row-local filter
cuda_device_observation_view box="demographic" view="age_85_plus" eligible=true reason=count with a row-local filter
cuda_device_observation_view box="demographic" view="births_this_tick" eligible=true reason=count with a row-local filter
cuda_device_observation_view box="demographic" view="deaths_this_tick" eligible=true reason=count with a row-local filter
cuda_device_observation_view box="demographic" view="overseas_arrivals_this_tick" eligible=true reason=count with a row-local filter
cuda_device_observation_view box="demographic" view="overseas_departures_this_tick" eligible=true reason=count with a row-local filter
cuda_device_observation_view box="demographic" view="internal_arrivals_this_tick" eligible=true reason=count with a row-local filter
cuda_device_observation_view box="demographic" view="internal_departures_this_tick" eligible=true reason=count with a row-local filter
cuda_device_observation_view box="demographic" view="locked_out" eligible=true reason=count with a row-local filter
cuda_device_observation_view box="demographic" view="vacant_birth_slots" eligible=true reason=count with a row-local filter
cuda_device_observation_view box="demographic" view="vacant_overseas_slots" eligible=true reason=count with a row-local filter
cuda_device_observation_view box="demographic" view="vacant_internal_slots" eligible=true reason=count with a row-local filter
cuda_device_observation_view box="demographic" view="max_generation" eligible=true reason=Int min/max with row-local filter and value
cuda_device_observation_view box="demographic" view="population_cells" eligible=true reason=grouped count with a row-local filter and exactly boundable keys
cuda_device_observation_view box="demographic" view="deaths_cells" eligible=true reason=grouped count with a row-local filter and exactly boundable keys
cuda_device_observation_view box="demographic" view="vacancy_cells" eligible=true reason=grouped count with a row-local filter and exactly boundable keys
cuda_device_grouped_observation tick=0 box="demographic" view="population_cells" key_space_size=152 occupied_groups=76 emitted_groups=76
cuda_device_grouped_observation tick=0 box="demographic" view="deaths_cells" key_space_size=36 occupied_groups=15 emitted_groups=15
cuda_device_grouped_observation tick=0 box="demographic" view="vacancy_cells" key_space_size=12 occupied_groups=12 emitted_groups=12
cuda_device_grouped_observation tick=1 box="demographic" view="population_cells" key_space_size=160 occupied_groups=78 emitted_groups=78
cuda_device_grouped_observation tick=1 box="demographic" view="deaths_cells" key_space_size=40 occupied_groups=13 emitted_groups=13
cuda_device_grouped_observation tick=1 box="demographic" view="vacancy_cells" key_space_size=12 occupied_groups=12 emitted_groups=12
cuda_device_grouped_observation tick=2 box="demographic" view="population_cells" key_space_size=160 occupied_groups=78 emitted_groups=78
cuda_device_grouped_observation tick=2 box="demographic" view="deaths_cells" key_space_size=40 occupied_groups=10 emitted_groups=10
cuda_device_grouped_observation tick=2 box="demographic" view="vacancy_cells" key_space_size=12 occupied_groups=12 emitted_groups=12
cuda_device_grouped_observation tick=3 box="demographic" view="population_cells" key_space_size=160 occupied_groups=79 emitted_groups=79
cuda_device_grouped_observation tick=3 box="demographic" view="deaths_cells" key_space_size=40 occupied_groups=17 emitted_groups=17
cuda_device_grouped_observation tick=3 box="demographic" view="vacancy_cells" key_space_size=12 occupied_groups=12 emitted_groups=12
cuda_device_grouped_observation tick=4 box="demographic" view="population_cells" key_space_size=160 occupied_groups=79 emitted_groups=79
cuda_device_grouped_observation tick=4 box="demographic" view="deaths_cells" key_space_size=40 occupied_groups=12 emitted_groups=12
cuda_device_grouped_observation tick=4 box="demographic" view="vacancy_cells" key_space_size=12 occupied_groups=12 emitted_groups=12
cuda_device_grouped_observation tick=5 box="demographic" view="population_cells" key_space_size=160 occupied_groups=79 emitted_groups=79
cuda_device_grouped_observation tick=5 box="demographic" view="deaths_cells" key_space_size=40 occupied_groups=14 emitted_groups=14
cuda_device_grouped_observation tick=5 box="demographic" view="vacancy_cells" key_space_size=12 occupied_groups=12 emitted_groups=12
cuda_device_grouped_observation tick=6 box="demographic" view="population_cells" key_space_size=160 occupied_groups=79 emitted_groups=79
cuda_device_grouped_observation tick=6 box="demographic" view="deaths_cells" key_space_size=40 occupied_groups=13 emitted_groups=13
cuda_device_grouped_observation tick=6 box="demographic" view="vacancy_cells" key_space_size=12 occupied_groups=12 emitted_groups=12
cuda_device_grouped_observation tick=7 box="demographic" view="population_cells" key_space_size=160 occupied_groups=80 emitted_groups=80
cuda_device_grouped_observation tick=7 box="demographic" view="deaths_cells" key_space_size=40 occupied_groups=12 emitted_groups=12
cuda_device_grouped_observation tick=7 box="demographic" view="vacancy_cells" key_space_size=12 occupied_groups=12 emitted_groups=12
cuda_device_grouped_observation tick=8 box="demographic" view="population_cells" key_space_size=160 occupied_groups=80 emitted_groups=80
cuda_device_grouped_observation tick=8 box="demographic" view="deaths_cells" key_space_size=40 occupied_groups=12 emitted_groups=12
cuda_device_grouped_observation tick=8 box="demographic" view="vacancy_cells" key_space_size=12 occupied_groups=12 emitted_groups=12
cuda_device_grouped_observation tick=9 box="demographic" view="population_cells" key_space_size=160 occupied_groups=80 emitted_groups=80
cuda_device_grouped_observation tick=9 box="demographic" view="deaths_cells" key_space_size=40 occupied_groups=10 emitted_groups=10
cuda_device_grouped_observation tick=9 box="demographic" view="vacancy_cells" key_space_size=12 occupied_groups=12 emitted_groups=12
cuda_device_grouped_observation tick=10 box="demographic" view="population_cells" key_space_size=160 occupied_groups=80 emitted_groups=80
cuda_device_grouped_observation tick=10 box="demographic" view="deaths_cells" key_space_size=40 occupied_groups=15 emitted_groups=15
cuda_device_grouped_observation tick=10 box="demographic" view="vacancy_cells" key_space_size=12 occupied_groups=12 emitted_groups=12
cuda_device_grouped_observation tick=11 box="demographic" view="population_cells" key_space_size=160 occupied_groups=80 emitted_groups=80
cuda_device_grouped_observation tick=11 box="demographic" view="deaths_cells" key_space_size=40 occupied_groups=9 emitted_groups=9
cuda_device_grouped_observation tick=11 box="demographic" view="vacancy_cells" key_space_size=12 occupied_groups=12 emitted_groups=12
cuda_device_grouped_observation tick=12 box="demographic" view="population_cells" key_space_size=160 occupied_groups=80 emitted_groups=80
cuda_device_grouped_observation tick=12 box="demographic" view="deaths_cells" key_space_size=40 occupied_groups=15 emitted_groups=15
cuda_device_grouped_observation tick=12 box="demographic" view="vacancy_cells" key_space_size=12 occupied_groups=12 emitted_groups=12
cuda_device_grouped_observation tick=13 box="demographic" view="population_cells" key_space_size=160 occupied_groups=80 emitted_groups=80
cuda_device_grouped_observation tick=13 box="demographic" view="deaths_cells" key_space_size=40 occupied_groups=11 emitted_groups=11
cuda_device_grouped_observation tick=13 box="demographic" view="vacancy_cells" key_space_size=12 occupied_groups=12 emitted_groups=12
cuda_device_grouped_observation tick=14 box="demographic" view="population_cells" key_space_size=160 occupied_groups=80 emitted_groups=80
cuda_device_grouped_observation tick=14 box="demographic" view="deaths_cells" key_space_size=40 occupied_groups=6 emitted_groups=6
cuda_device_grouped_observation tick=14 box="demographic" view="vacancy_cells" key_space_size=12 occupied_groups=12 emitted_groups=12
cuda_device_grouped_observation tick=15 box="demographic" view="population_cells" key_space_size=160 occupied_groups=80 emitted_groups=80
cuda_device_grouped_observation tick=15 box="demographic" view="deaths_cells" key_space_size=40 occupied_groups=12 emitted_groups=12
cuda_device_grouped_observation tick=15 box="demographic" view="vacancy_cells" key_space_size=12 occupied_groups=12 emitted_groups=12
cuda_device_grouped_observation tick=16 box="demographic" view="population_cells" key_space_size=160 occupied_groups=80 emitted_groups=80
cuda_device_grouped_observation tick=16 box="demographic" view="deaths_cells" key_space_size=40 occupied_groups=8 emitted_groups=8
cuda_device_grouped_observation tick=16 box="demographic" view="vacancy_cells" key_space_size=12 occupied_groups=12 emitted_groups=12
cuda_device_grouped_observation tick=17 box="demographic" view="population_cells" key_space_size=160 occupied_groups=80 emitted_groups=80
cuda_device_grouped_observation tick=17 box="demographic" view="deaths_cells" key_space_size=40 occupied_groups=13 emitted_groups=13
cuda_device_grouped_observation tick=17 box="demographic" view="vacancy_cells" key_space_size=12 occupied_groups=12 emitted_groups=12
cuda_device_grouped_observation tick=18 box="demographic" view="population_cells" key_space_size=160 occupied_groups=80 emitted_groups=80
cuda_device_grouped_observation tick=18 box="demographic" view="deaths_cells" key_space_size=40 occupied_groups=7 emitted_groups=7
cuda_device_grouped_observation tick=18 box="demographic" view="vacancy_cells" key_space_size=12 occupied_groups=12 emitted_groups=12
cuda_device_grouped_observation tick=19 box="demographic" view="population_cells" key_space_size=160 occupied_groups=80 emitted_groups=80
cuda_device_grouped_observation tick=19 box="demographic" view="deaths_cells" key_space_size=40 occupied_groups=15 emitted_groups=15
cuda_device_grouped_observation tick=19 box="demographic" view="vacancy_cells" key_space_size=12 occupied_groups=12 emitted_groups=12
model=fixtures/demographic/demographic_slots.json verdict=equal cpu_ticks_per_sec=567.301 cuda_ticks_per_sec=225.686
   Compiling sembla-cli v0.3.0 (/home/ubuntu/sembla/crates/sembla-cli)
    Finished `release` profile [optimized] target(s) in 1.09s
     Running tests/gpu_differential.rs (target/release/deps/gpu_differential-f8b433bbf7a696d9)

running 9 tests
test ineligible_views_take_state_download_differential_fallback ... ok
test eligible_views_take_device_observation_differential_path ... ok
test grouped_demographic_configuration_uses_device_histograms_differentially ... ok
test cuda_manifest_verify_and_level_a_bytes_round_trip ... ok
test lockstep_nonblocking_stream_sweep_matches_sequential_cuda ... ok
test supported_free_stream_sweep_is_draw_independent_and_publishes_in_k_order ... ok
test fused_grid_y_sweep_matches_sequential_cuda_with_partial_tail ... ok
test differential_corpus_passes ... ok
test supported_composition_plan_differential_corpus_passes ... ok

test result: ok. 9 passed; 0 failed; 0 ignored; 0 measured; 1 filtered out; finished in 25.83s

    Finished `release` profile [optimized] target(s) in 0.01s
     Running `target/release/sembla diff-backends --all-examples --population 100 --seed 7 --ticks 20`
cuda_device_observation eligible=false reason=no declared views; legacy state reporting requires host state
model=examples/noisy_voter.json verdict=equal cpu_ticks_per_sec=20672.860 cuda_ticks_per_sec=263.463
cuda_device_observation eligible=false reason=at least one view requires host observation
cuda_device_observation_view box="population" view="total_value" eligible=false reason=Sum preserves host order for Real and host overflow association for Int
cuda_device_observation_view box="population" view="active_count" eligible=true reason=count with a row-local filter
cuda_device_observation_view box="population" view="minimum_visits" eligible=true reason=Int min/max with row-local filter and value
cuda_device_observation_view box="population" view="maximum_value" eligible=false reason=value is not a row-local infallible Int expression; Real extrema retain host NaN ordering
model=examples/observations.json verdict=equal cpu_ticks_per_sec=25111.054 cuda_ticks_per_sec=277.909
cuda_device_observation eligible=false reason=no declared views; legacy state reporting requires host state
model=examples/radioactive_decay_chain.json verdict=equal cpu_ticks_per_sec=24654.680 cuda_ticks_per_sec=273.026
cuda_device_observation eligible=false reason=no declared views; legacy state reporting requires host state
model=examples/reversible_ctmc.json verdict=equal cpu_ticks_per_sec=24070.459 cuda_ticks_per_sec=264.661
cuda_device_observation eligible=false reason=no declared views; legacy state reporting requires host state
model=examples/seirs_waning.json verdict=equal cpu_ticks_per_sec=21542.160 cuda_ticks_per_sec=263.907
cuda_device_observation eligible=true reason=all scalar and grouped views are device-eligible
cuda_device_observation_view box="sir" view="S" eligible=true reason=count with a row-local filter
cuda_device_observation_view box="sir" view="I" eligible=true reason=count with a row-local filter
cuda_device_observation_view box="sir" view="R" eligible=true reason=count with a row-local filter
model=examples/sir.json verdict=equal cpu_ticks_per_sec=23601.605 cuda_ticks_per_sec=262.318
cuda_device_observation eligible=true reason=all scalar and grouped views are device-eligible
cuda_device_observation_view box="population" view="S" eligible=true reason=count with a row-local filter
cuda_device_observation_view box="population" view="I" eligible=true reason=count with a row-local filter
cuda_device_observation_view box="population" view="R" eligible=true reason=count with a row-local filter
model=examples/sir_policy.json verdict=equal cpu_ticks_per_sec=29.184 cuda_ticks_per_sec=2.655
cuda_device_observation eligible=false reason=no declared views; legacy state reporting requires host state
model=examples/sis_importation.json verdict=equal cpu_ticks_per_sec=21986.841 cuda_ticks_per_sec=266.601
cuda_device_observation eligible=false reason=no declared views; legacy state reporting requires host state
model=examples/two_box.json verdict=equal cpu_ticks_per_sec=24214.893 cuda_ticks_per_sec=258.232
cuda_device_observation eligible=false reason=no declared views; legacy state reporting requires host state
model=examples/two_box_merged.json verdict=equal cpu_ticks_per_sec=18596.192 cuda_ticks_per_sec=264.986
cuda_device_observation eligible=false reason=no declared views; legacy state reporting requires host state
model=examples/two_state.json verdict=equal cpu_ticks_per_sec=25005.658 cuda_ticks_per_sec=270.546
corpus_verdict=equal models=11
    Finished `release` profile [optimized] target(s) in 0.01s
     Running `target/release/sembla diff-backends --all-plan-fixtures --population 1000 --seed 7 --ticks 20 --enable grouped-observations`
cuda_device_observation eligible=true reason=all scalar and grouped views are device-eligible
cuda_device_observation_view box="world" view="population" eligible=true reason=count with a row-local filter
cuda_device_observation_view box="world" view="population_cells" eligible=true reason=grouped count with a row-local filter and exactly boundable keys
cuda_device_grouped_observation tick=0 box="world" view="population_cells" key_space_size=2000 occupied_groups=1 emitted_groups=1
cuda_device_grouped_observation tick=1 box="world" view="population_cells" key_space_size=2000 occupied_groups=1 emitted_groups=1
cuda_device_grouped_observation tick=2 box="world" view="population_cells" key_space_size=2000 occupied_groups=1 emitted_groups=1
cuda_device_grouped_observation tick=3 box="world" view="population_cells" key_space_size=2000 occupied_groups=1 emitted_groups=1
cuda_device_grouped_observation tick=4 box="world" view="population_cells" key_space_size=2000 occupied_groups=1 emitted_groups=1
cuda_device_grouped_observation tick=5 box="world" view="population_cells" key_space_size=2000 occupied_groups=1 emitted_groups=1
cuda_device_grouped_observation tick=6 box="world" view="population_cells" key_space_size=2000 occupied_groups=1 emitted_groups=1
cuda_device_grouped_observation tick=7 box="world" view="population_cells" key_space_size=2000 occupied_groups=1 emitted_groups=1
cuda_device_grouped_observation tick=8 box="world" view="population_cells" key_space_size=2000 occupied_groups=1 emitted_groups=1
cuda_device_grouped_observation tick=9 box="world" view="population_cells" key_space_size=2000 occupied_groups=1 emitted_groups=1
cuda_device_grouped_observation tick=10 box="world" view="population_cells" key_space_size=2000 occupied_groups=1 emitted_groups=1
cuda_device_grouped_observation tick=11 box="world" view="population_cells" key_space_size=2000 occupied_groups=1 emitted_groups=1
cuda_device_grouped_observation tick=12 box="world" view="population_cells" key_space_size=2000 occupied_groups=1 emitted_groups=1
cuda_device_grouped_observation tick=13 box="world" view="population_cells" key_space_size=2000 occupied_groups=1 emitted_groups=1
cuda_device_grouped_observation tick=14 box="world" view="population_cells" key_space_size=2000 occupied_groups=1 emitted_groups=1
cuda_device_grouped_observation tick=15 box="world" view="population_cells" key_space_size=2000 occupied_groups=1 emitted_groups=1
cuda_device_grouped_observation tick=16 box="world" view="population_cells" key_space_size=2000 occupied_groups=1 emitted_groups=1
cuda_device_grouped_observation tick=17 box="world" view="population_cells" key_space_size=2000 occupied_groups=1 emitted_groups=1
cuda_device_grouped_observation tick=18 box="world" view="population_cells" key_space_size=2000 occupied_groups=1 emitted_groups=1
cuda_device_grouped_observation tick=19 box="world" view="population_cells" key_space_size=2000 occupied_groups=1 emitted_groups=1
model=fixtures/plans/grouped_observation.plan.json verdict=equal cpu_ticks_per_sec=11480.377 cuda_ticks_per_sec=267.893
cuda_device_observation eligible=true reason=all scalar and grouped views are device-eligible
cuda_device_observation_view box="population" view="I" eligible=true reason=count with a row-local filter
cuda_device_observation_view box="population" view="R" eligible=true reason=count with a row-local filter
cuda_device_observation_view box="population" view="S" eligible=true reason=count with a row-local filter
model=fixtures/plans/linked/epidemic_policy.plan.json verdict=equal cpu_ticks_per_sec=16111.349 cuda_ticks_per_sec=237.040
cuda_device_observation eligible=true reason=all scalar and grouped views are device-eligible
cuda_device_observation_view box="population" view="I" eligible=true reason=count with a row-local filter
cuda_device_observation_view box="population" view="R" eligible=true reason=count with a row-local filter
cuda_device_observation_view box="population" view="S" eligible=true reason=count with a row-local filter
model=fixtures/plans/linked/independent_epidemic_policy.plan.json verdict=equal cpu_ticks_per_sec=16170.711 cuda_ticks_per_sec=245.734
cuda_device_observation eligible=true reason=all scalar and grouped views are device-eligible
cuda_device_observation_view box="pong" view="seen_yes" eligible=true reason=count with a row-local filter
model=fixtures/plans/linked/ping_pong.plan.json verdict=equal cpu_ticks_per_sec=23969.865 cuda_ticks_per_sec=265.077
cuda_device_observation eligible=true reason=all scalar and grouped views are device-eligible
cuda_device_observation_view box="epidemic/population" view="I" eligible=true reason=count with a row-local filter
cuda_device_observation_view box="epidemic/population" view="R" eligible=true reason=count with a row-local filter
cuda_device_observation_view box="epidemic/population" view="S" eligible=true reason=count with a row-local filter
model=fixtures/plans/linked/regional_response.plan.json verdict=equal cpu_ticks_per_sec=15880.969 cuda_ticks_per_sec=231.565
cuda_device_observation eligible=true reason=all scalar and grouped views are device-eligible
cuda_device_observation_view box="population" view="I" eligible=true reason=count with a row-local filter
cuda_device_observation_view box="population" view="R" eligible=true reason=count with a row-local filter
cuda_device_observation_view box="population" view="S" eligible=true reason=count with a row-local filter
model=fixtures/plans/linked/solo_population.plan.json verdict=equal cpu_ticks_per_sec=16639.613 cuda_ticks_per_sec=247.525
cuda_device_observation eligible=true reason=all scalar and grouped views are device-eligible
cuda_device_observation_view box="north/population" view="I" eligible=true reason=count with a row-local filter
cuda_device_observation_view box="north/population" view="R" eligible=true reason=count with a row-local filter
cuda_device_observation_view box="north/population" view="S" eligible=true reason=count with a row-local filter
cuda_device_observation_view box="south/population" view="I" eligible=true reason=count with a row-local filter
cuda_device_observation_view box="south/population" view="R" eligible=true reason=count with a row-local filter
cuda_device_observation_view box="south/population" view="S" eligible=true reason=count with a row-local filter
model=fixtures/plans/linked/two_independent_regions.plan.json verdict=equal cpu_ticks_per_sec=11382.987 cuda_ticks_per_sec=218.493
cuda_device_observation eligible=true reason=all scalar and grouped views are device-eligible
cuda_device_observation_view box="north/population" view="I" eligible=true reason=count with a row-local filter
cuda_device_observation_view box="north/population" view="R" eligible=true reason=count with a row-local filter
cuda_device_observation_view box="north/population" view="S" eligible=true reason=count with a row-local filter
cuda_device_observation_view box="south/population" view="I" eligible=true reason=count with a row-local filter
cuda_device_observation_view box="south/population" view="R" eligible=true reason=count with a row-local filter
cuda_device_observation_view box="south/population" view="S" eligible=true reason=count with a row-local filter
model=fixtures/plans/linked/two_regions.plan.json verdict=equal cpu_ticks_per_sec=11226.406 cuda_ticks_per_sec=208.078
cuda_device_observation eligible=true reason=all scalar and grouped views are device-eligible
cuda_device_observation_view box="wpong/pong" view="seen_yes" eligible=true reason=count with a row-local filter
model=fixtures/plans/linked/wrapped_ping_pong.plan.json verdict=equal cpu_ticks_per_sec=24156.573 cuda_ticks_per_sec=262.338
cuda_device_observation eligible=false reason=at least one view requires host observation
cuda_device_observation_view box="population" view="active_count" eligible=true reason=count with a row-local filter
cuda_device_observation_view box="population" view="maximum_value" eligible=false reason=value is not a row-local infallible Int expression; Real extrema retain host NaN ordering
cuda_device_observation_view box="population" view="minimum_visits" eligible=true reason=Int min/max with row-local filter and value
cuda_device_observation_view box="population" view="total_value" eligible=false reason=Sum preserves host order for Real and host overflow association for Int
model=fixtures/plans/observations.plan.json verdict=equal cpu_ticks_per_sec=17448.870 cuda_ticks_per_sec=271.998
cuda_device_observation eligible=true reason=all scalar and grouped views are device-eligible
cuda_device_observation_view box="sir" view="I" eligible=true reason=count with a row-local filter
cuda_device_observation_view box="sir" view="R" eligible=true reason=count with a row-local filter
cuda_device_observation_view box="sir" view="S" eligible=true reason=count with a row-local filter
model=fixtures/plans/sir.plan.json verdict=equal cpu_ticks_per_sec=17570.447 cuda_ticks_per_sec=247.841
cuda_device_observation eligible=true reason=all scalar and grouped views are device-eligible
cuda_device_observation_view box="population" view="I" eligible=true reason=count with a row-local filter
cuda_device_observation_view box="population" view="R" eligible=true reason=count with a row-local filter
cuda_device_observation_view box="population" view="S" eligible=true reason=count with a row-local filter
model=fixtures/plans/sir_policy.plan.json verdict=equal cpu_ticks_per_sec=29.749 cuda_ticks_per_sec=2.655
cuda_device_observation eligible=false reason=no declared views; legacy state reporting requires host state
model=fixtures/plans/two_box.plan.json verdict=equal cpu_ticks_per_sec=23737.886 cuda_ticks_per_sec=265.686
cuda_device_observation eligible=false reason=no declared views; legacy state reporting requires host state
model=fixtures/plans/two_box_plus_sibling.plan.json verdict=equal cpu_ticks_per_sec=23276.628 cuda_ticks_per_sec=259.698
corpus_verdict=equal models=14
3c5ba4b12167f79766dc2f750c6b47cf448ab1b1169c948ab7d74e43df9a27e7  provenance.txt
0ff69fc6ac3cd16713e2d5cfcab6ba380843821804aa08cbe9912c19e32ee364  diagnostic-corpus.log
907d26427bef56c9b39fcb6cd43e1501d8512363cac7046c78071679c8485811  tests.log
a276545d77b4968aae82f8b5fa777b7bda223eaba0ca6cada14d27444d779b5a  demographic-corpus.log
d403bf5c8c36cac29df718443ebf8c507d475729f62645957a24f4226fad397c  demographic-grouped-corpus.log
09fc1ffcac1ca58f33097571b86628a79a0afccaeede3f3e405bebcbdcb953b3  corpus.log
3450311566deb8c55b9b650b25d3b4b2b08fc108dc277a4b2e461c0441a8de80  plan-corpus.log
CUDA differential corpus passed; evidence: /home/ubuntu/demographic-bench/differential-corpus
Copy the recorded commit/GPU/driver/verdict/rates into the dated evidence note, then destroy remote resources.
=== differential corpus PASSED ===
=== synthesizing one shared 10M state artifact ===
=== measurement cuda-1 ===
=== measurement cpu-1 ===
=== measurement ageing-full-1 ===
=== measurement ageing-no-ageing-1 ===
=== measurement cuda-2 ===
=== measurement cpu-2 ===
=== measurement ageing-full-2 ===
=== measurement ageing-no-ageing-2 ===
=== measurement cuda-3 ===
=== measurement cpu-3 ===
=== measurement ageing-full-3 ===
=== measurement ageing-no-ageing-3 ===
=== pushing evidence to GitHub ===
remote: 
remote: Create a pull request for 'evidence/hyperstack-20260905T031143Z' on GitHub by visiting:        
remote:      https://github.com/ianmoran11/sembla/pull/new/evidence/hyperstack-20260905T031143Z        
remote: 
SEMBLA_EVIDENCE_PUSHED evidence/hyperstack-20260905T031143Z
SEMBLA_BENCH_COMPLETE
