    Finished `release` profile [optimized] target(s) in 0.01s
     Running `target/release/sembla diff-backends --all-examples --population 100 --seed 7 --ticks 20`
cuda_device_observation eligible=false reason=no declared views; legacy state reporting requires host state
model=examples/noisy_voter.json verdict=equal cpu_ticks_per_sec=65909.802 cuda_ticks_per_sec=252.676
cuda_device_observation eligible=false reason=at least one view requires host observation
cuda_device_observation_view box="population" view="total_value" eligible=false reason=Sum preserves host order for Real and host overflow association for Int
cuda_device_observation_view box="population" view="active_count" eligible=true reason=count with a row-local filter
cuda_device_observation_view box="population" view="minimum_visits" eligible=true reason=Int min/max with row-local filter and value
cuda_device_observation_view box="population" view="maximum_value" eligible=false reason=value is not a row-local infallible Int expression; Real extrema retain host NaN ordering
model=examples/observations.json verdict=equal cpu_ticks_per_sec=122066.587 cuda_ticks_per_sec=270.467
cuda_device_observation eligible=false reason=no declared views; legacy state reporting requires host state
model=examples/radioactive_decay_chain.json verdict=equal cpu_ticks_per_sec=129490.068 cuda_ticks_per_sec=259.106
cuda_device_observation eligible=false reason=no declared views; legacy state reporting requires host state
model=examples/reversible_ctmc.json verdict=equal cpu_ticks_per_sec=136743.722 cuda_ticks_per_sec=259.780
cuda_device_observation eligible=false reason=no declared views; legacy state reporting requires host state
model=examples/seirs_waning.json verdict=equal cpu_ticks_per_sec=79771.853 cuda_ticks_per_sec=246.603
cuda_device_observation eligible=true reason=all scalar and grouped views are device-eligible
cuda_device_observation_view box="sir" view="S" eligible=true reason=count with a row-local filter
cuda_device_observation_view box="sir" view="I" eligible=true reason=count with a row-local filter
cuda_device_observation_view box="sir" view="R" eligible=true reason=count with a row-local filter
model=examples/sir.json verdict=equal cpu_ticks_per_sec=121568.723 cuda_ticks_per_sec=249.628
cuda_device_observation eligible=true reason=all scalar and grouped views are device-eligible
cuda_device_observation_view box="population" view="S" eligible=true reason=count with a row-local filter
cuda_device_observation_view box="population" view="I" eligible=true reason=count with a row-local filter
cuda_device_observation_view box="population" view="R" eligible=true reason=count with a row-local filter
model=examples/sir_policy.json verdict=equal cpu_ticks_per_sec=29.511 cuda_ticks_per_sec=1.722
cuda_device_observation eligible=false reason=no declared views; legacy state reporting requires host state
model=examples/sis_importation.json verdict=equal cpu_ticks_per_sec=86362.498 cuda_ticks_per_sec=258.273
cuda_device_observation eligible=false reason=no declared views; legacy state reporting requires host state
model=examples/two_box.json verdict=equal cpu_ticks_per_sec=128611.574 cuda_ticks_per_sec=259.501
cuda_device_observation eligible=false reason=no declared views; legacy state reporting requires host state
model=examples/two_box_merged.json verdict=equal cpu_ticks_per_sec=51615.567 cuda_ticks_per_sec=247.426
cuda_device_observation eligible=false reason=no declared views; legacy state reporting requires host state
model=examples/two_state.json verdict=equal cpu_ticks_per_sec=152149.106 cuda_ticks_per_sec=261.664
corpus_verdict=equal models=11
