cuda_device_observation eligible=true reason=all scalar and grouped views are device-eligible
cuda_device_observation_view box="demographic" view="population" eligible=true reason=count with a row-local filter
cuda_device_observation_view box="demographic" view="invalid_age" eligible=true reason=count with a row-local filter
cuda_device_observation_view box="demographic" view="males" eligible=true reason=count with a row-local filter
cuda_device_observation_view box="demographic" view="females" eligible=true reason=count with a row-local filter
cuda_device_observation_view box="demographic" view="age_00_04" eligible=true reason=count with a row-local filter
cuda_device_observation_view box="demographic" view="age_20_24" eligible=true reason=count with a row-local filter
cuda_device_observation_view box="demographic" view="age_65_69" eligible=true reason=count with a row-local filter
cuda_device_observation_view box="demographic" view="age_85_plus" eligible=true reason=count with a row-local filter
cuda_device_observation_view box="demographic" view="births_this_tick" eligible=true reason=count with a row-local filter
cuda_device_observation_view box="demographic" view="deaths_this_tick" eligible=true reason=count with a row-local filter
cuda_device_observation_view box="demographic" view="overseas_arrivals_this_tick" eligible=true reason=count with a row-local filter
cuda_device_observation_view box="demographic" view="overseas_departures_this_tick" eligible=true reason=count with a row-local filter
cuda_device_observation_view box="demographic" view="internal_arrivals_this_tick" eligible=true reason=count with a row-local filter
cuda_device_observation_view box="demographic" view="internal_departures_this_tick" eligible=true reason=count with a row-local filter
cuda_device_observation_view box="demographic" view="locked_out" eligible=true reason=count with a row-local filter
cuda_device_observation_view box="demographic" view="vacant_birth_slots" eligible=true reason=count with a row-local filter
cuda_device_observation_view box="demographic" view="vacant_overseas_slots" eligible=true reason=count with a row-local filter
cuda_device_observation_view box="demographic" view="vacant_internal_slots" eligible=true reason=count with a row-local filter
cuda_device_observation_view box="demographic" view="max_generation" eligible=true reason=Int min/max with row-local filter and value
cuda_device_observation_view box="demographic" view="population_cells" eligible=true reason=grouped count with a row-local filter and exactly boundable keys
cuda_device_observation_view box="demographic" view="deaths_cells" eligible=true reason=grouped count with a row-local filter and exactly boundable keys
cuda_device_observation_view box="demographic" view="vacancy_cells" eligible=true reason=grouped count with a row-local filter and exactly boundable keys
cuda_device_grouped_observation tick=0 box="demographic" view="population_cells" key_space_size=152 occupied_groups=152 emitted_groups=152
cuda_device_grouped_observation tick=0 box="demographic" view="deaths_cells" key_space_size=38 occupied_groups=36 emitted_groups=36
cuda_device_grouped_observation tick=0 box="demographic" view="vacancy_cells" key_space_size=12 occupied_groups=12 emitted_groups=12
cuda_device_grouped_observation tick=1 box="demographic" view="population_cells" key_space_size=152 occupied_groups=152 emitted_groups=152
cuda_device_grouped_observation tick=1 box="demographic" view="deaths_cells" key_space_size=40 occupied_groups=38 emitted_groups=38
cuda_device_grouped_observation tick=1 box="demographic" view="vacancy_cells" key_space_size=12 occupied_groups=12 emitted_groups=12
