WARNING: CPU IP/backtrace sampling not supported, disabling.
Try the 'nsys status --environment' command to learn more.

WARNING: CPU context switch tracing not supported, disabling.
Try the 'nsys status --environment' command to learn more.

EXPERIMENTAL CUDA fused grid-y spike: capacity 2; default sweep behavior remains sequential
cuda_device_observation eligible=true reason=all scalar and grouped views are device-eligible
cuda_device_observation_view box="demographic" view="population" eligible=true reason=count with a row-local filter
cuda_device_observation_view box="demographic" view="invalid_age" eligible=true reason=count with a row-local filter
cuda_device_observation_view box="demographic" view="males" eligible=true reason=count with a row-local filter
cuda_device_observation_view box="demographic" view="females" eligible=true reason=count with a row-local filter
cuda_device_observation_view box="demographic" view="age_00_04" eligible=true reason=count with a row-local filter
cuda_device_observation_view box="demographic" view="age_20_24" eligible=true reason=count with a row-local filter
cuda_device_observation_view box="demographic" view="age_65_69" eligible=true reason=count with a row-local filter
cuda_device_observation_view box="demographic" view="age_85_plus" eligible=true reason=count with a row-local filter
cuda_device_observation_view box="demographic" view="births_this_tick" eligible=true reason=count with a row-local filter
cuda_device_observation_view box="demographic" view="deaths_this_tick" eligible=true reason=count with a row-local filter
cuda_device_observation_view box="demographic" view="overseas_arrivals_this_tick" eligible=true reason=count with a row-local filter
cuda_device_observation_view box="demographic" view="overseas_departures_this_tick" eligible=true reason=count with a row-local filter
cuda_device_observation_view box="demographic" view="internal_arrivals_this_tick" eligible=true reason=count with a row-local filter
cuda_device_observation_view box="demographic" view="internal_departures_this_tick" eligible=true reason=count with a row-local filter
cuda_device_observation_view box="demographic" view="locked_out" eligible=true reason=count with a row-local filter
cuda_device_observation_view box="demographic" view="vacant_birth_slots" eligible=true reason=count with a row-local filter
cuda_device_observation_view box="demographic" view="vacant_overseas_slots" eligible=true reason=count with a row-local filter
cuda_device_observation_view box="demographic" view="vacant_internal_slots" eligible=true reason=count with a row-local filter
cuda_device_observation_view box="demographic" view="max_generation" eligible=true reason=Int min/max with row-local filter and value
cuda_device_observation_view box="demographic" view="population_cells" eligible=true reason=grouped count with a row-local filter and exactly boundable keys
cuda_device_observation_view box="demographic" view="deaths_cells" eligible=true reason=grouped count with a row-local filter and exactly boundable keys
cuda_device_observation_view box="demographic" view="vacancy_cells" eligible=true reason=grouped count with a row-local filter and exactly boundable keys
