=== building one sembla-cli binary with CUDA ===
    Updating crates.io index
 Downloading crates ...
  Downloaded typenum v1.20.1
  Downloaded sha2 v0.10.9
  Downloaded libm v0.2.16
  Downloaded generic-array v0.14.7
  Downloaded zmij v1.0.21
  Downloaded crypto-common v0.1.7
  Downloaded version_check v0.9.5
  Downloaded cpufeatures v0.2.17
  Downloaded block-buffer v0.10.4
  Downloaded syn v2.0.118
  Downloaded digest v0.10.7
  Downloaded cudarc v0.17.6
   Compiling version_check v0.9.5
   Compiling proc-macro2 v1.0.106
   Compiling quote v1.0.46
   Compiling typenum v1.20.1
   Compiling unicode-ident v1.0.24
   Compiling serde_core v1.0.228
   Compiling cfg-if v1.0.4
   Compiling zmij v1.0.21
   Compiling serde_json v1.0.150
   Compiling serde v1.0.228
   Compiling memchr v2.8.3
   Compiling libm v0.2.16
   Compiling itoa v1.0.18
   Compiling cpufeatures v0.2.17
   Compiling cudarc v0.17.6
   Compiling libloading v0.8.9
   Compiling generic-array v0.14.7
   Compiling syn v2.0.118
   Compiling crypto-common v0.1.7
   Compiling block-buffer v0.10.4
   Compiling digest v0.10.7
   Compiling sha2 v0.10.9
   Compiling serde_derive v1.0.228
   Compiling sembla-ir v0.3.0 (/home/ubuntu/sembla/crates/sembla-ir)
   Compiling sembla-runtime v0.3.0 (/home/ubuntu/sembla/crates/sembla-runtime)
   Compiling sembla-cuda v0.3.0 (/home/ubuntu/sembla/crates/sembla-cuda)
   Compiling sembla-cli v0.3.0 (/home/ubuntu/sembla/crates/sembla-cli)
    Finished `release` profile [optimized] target(s) in 15.03s
=== concurrent CUDA sweep-draw spike (1M and 10M, workers 1/2/4) ===
mode: supported --draw-workers on free-running non-blocking CUDA streams
PASS: output trees identical; evidence: /home/ubuntu/demographic-bench/sweep-concurrency/1000000/cuda/summary.json
PASS: output trees identical; evidence: /home/ubuntu/demographic-bench/sweep-concurrency/1000000/cuda-crn/summary.json
PASS: output trees identical; evidence: /home/ubuntu/demographic-bench/sweep-concurrency/10000000/cuda/summary.json
PASS: output trees identical; evidence: /home/ubuntu/demographic-bench/sweep-concurrency/10000000/cuda-crn/summary.json
=== concurrent CUDA sweep-draw spike complete ===
=== pushing evidence to GitHub ===
remote: 
remote: Create a pull request for 'evidence/hyperstack-20260730T023904Z' on GitHub by visiting:        
remote:      https://github.com/ianmoran11/sembla/pull/new/evidence/hyperstack-20260730T023904Z        
remote: 
SEMBLA_EVIDENCE_PUSHED evidence/hyperstack-20260730T023904Z
SEMBLA_BENCH_COMPLETE
