========= COMPUTE-SANITIZER
    Finished `release` profile [optimized] target(s) in 0.01s
     Running unittests src/lib.rs (target/release/deps/sembla_cuda-6b75d9e03b236814)

running 4 tests
test backend::conflict_geometry_hardware::segmented_argmin_winner_matches_cpu_under_three_geometries ... ok
test backend::diagnostic_equality_hardware::negative_corpus_matches_cpu_status_under_four_geometries ... 
running 1 test
recovery_beyond_grid=claim-key-overflow first_error=65530 rows=65539
recovery_beyond_grid=transition-guard-overflow first_error=65530 rows=65539
recovery_beyond_grid=effect-int-overflow first_error=65530 rows=65539
recovery_beyond_grid=output-expression-overflow first_error=65530 rows=65539
diagnostic_case=claim-key-overflow geometry=0x0 status=[10, 2, 0, 0]
diagnostic_case=claim-key-overflow geometry=1x1 status=[10, 2, 0, 0]
diagnostic_case=claim-key-overflow geometry=1x32 status=[10, 2, 0, 0]
diagnostic_case=claim-key-overflow geometry=3x4 status=[10, 2, 0, 0]
diagnostic_case=claim-key-overflow geometry=4x128 status=[10, 2, 0, 0]
diagnostic_case=transition-guard-overflow geometry=0x0 status=[3, 2, 0, 0]
diagnostic_case=transition-guard-overflow geometry=1x1 status=[3, 2, 0, 0]
diagnostic_case=transition-guard-overflow geometry=1x32 status=[3, 2, 0, 0]
diagnostic_case=transition-guard-overflow geometry=3x4 status=[3, 2, 0, 0]
diagnostic_case=transition-guard-overflow geometry=4x128 status=[3, 2, 0, 0]
diagnostic_case=effect-int-overflow geometry=0x0 status=[5, 2, 0, 0]
diagnostic_case=effect-int-overflow geometry=1x1 status=[5, 2, 0, 0]
diagnostic_case=effect-int-overflow geometry=1x32 status=[5, 2, 0, 0]
diagnostic_case=effect-int-overflow geometry=3x4 status=[5, 2, 0, 0]
diagnostic_case=effect-int-overflow geometry=4x128 status=[5, 2, 0, 0]
diagnostic_case=output-expression-overflow geometry=0x0 status=[9, 1, 0, 0]
diagnostic_case=output-expression-overflow geometry=1x1 status=[9, 1, 0, 0]
diagnostic_case=output-expression-overflow geometry=1x32 status=[9, 1, 0, 0]
diagnostic_case=output-expression-overflow geometry=3x4 status=[9, 1, 0, 0]
diagnostic_case=output-expression-overflow geometry=4x128 status=[9, 1, 0, 0]
test backend::diagnostic_equality_hardware::negative_corpus_matches_cpu_status_under_four_geometries ... ok

test result: ok. 1 passed; 0 failed; 0 ignored; 0 measured; 45 filtered out; finished in 10.59s

ok
test backend::optimization_hardware_tests::optimized_reductions_match_cpu_for_group_sizes_and_fused_resets ... cuda_device_grouped_observation tick=0 box="world" view="population_cells" key_space_size=0 occupied_groups=0 emitted_groups=0
cuda_device_grouped_observation tick=1 box="world" view="population_cells" key_space_size=0 occupied_groups=0 emitted_groups=0
cuda_device_grouped_observation tick=2 box="world" view="population_cells" key_space_size=0 occupied_groups=0 emitted_groups=0
cuda_device_grouped_observation tick=0 box="world" view="population_cells" key_space_size=0 occupied_groups=0 emitted_groups=0
cuda_device_grouped_observation tick=1 box="world" view="population_cells" key_space_size=0 occupied_groups=0 emitted_groups=0
cuda_device_grouped_observation tick=2 box="world" view="population_cells" key_space_size=0 occupied_groups=0 emitted_groups=0
cuda_device_grouped_observation tick=0 box="world" view="population_cells" key_space_size=0 occupied_groups=0 emitted_groups=0
cuda_device_grouped_observation tick=1 box="world" view="population_cells" key_space_size=0 occupied_groups=0 emitted_groups=0
cuda_device_grouped_observation tick=2 box="world" view="population_cells" key_space_size=0 occupied_groups=0 emitted_groups=0
cuda_device_grouped_observation tick=0 box="world" view="population_cells" key_space_size=24 occupied_groups=0 emitted_groups=0
cuda_device_grouped_observation tick=1 box="world" view="population_cells" key_space_size=24 occupied_groups=0 emitted_groups=0
cuda_device_grouped_observation tick=2 box="world" view="population_cells" key_space_size=24 occupied_groups=0 emitted_groups=0
cuda_device_grouped_observation tick=0 box="world" view="population_cells" key_space_size=24 occupied_groups=0 emitted_groups=0
cuda_device_grouped_observation tick=1 box="world" view="population_cells" key_space_size=24 occupied_groups=0 emitted_groups=0
cuda_device_grouped_observation tick=2 box="world" view="population_cells" key_space_size=24 occupied_groups=0 emitted_groups=0
cuda_device_grouped_observation tick=0 box="world" view="population_cells" key_space_size=24 occupied_groups=0 emitted_groups=0
cuda_device_grouped_observation tick=1 box="world" view="population_cells" key_space_size=24 occupied_groups=0 emitted_groups=0
cuda_device_grouped_observation tick=2 box="world" view="population_cells" key_space_size=24 occupied_groups=0 emitted_groups=0
cuda_device_grouped_observation tick=0 box="world" view="population_cells" key_space_size=408 occupied_groups=136 emitted_groups=136
cuda_device_grouped_observation tick=1 box="world" view="population_cells" key_space_size=408 occupied_groups=136 emitted_groups=136
cuda_device_grouped_observation tick=2 box="world" view="population_cells" key_space_size=408 occupied_groups=131 emitted_groups=131
cuda_device_grouped_observation tick=0 box="world" view="population_cells" key_space_size=408 occupied_groups=136 emitted_groups=136
cuda_device_grouped_observation tick=1 box="world" view="population_cells" key_space_size=408 occupied_groups=136 emitted_groups=136
cuda_device_grouped_observation tick=2 box="world" view="population_cells" key_space_size=408 occupied_groups=131 emitted_groups=131
cuda_device_grouped_observation tick=0 box="world" view="population_cells" key_space_size=408 occupied_groups=136 emitted_groups=136
cuda_device_grouped_observation tick=1 box="world" view="population_cells" key_space_size=408 occupied_groups=136 emitted_groups=136
cuda_device_grouped_observation tick=2 box="world" view="population_cells" key_space_size=408 occupied_groups=131 emitted_groups=131
cuda_device_grouped_observation tick=0 box="world" view="population_cells" key_space_size=4152 occupied_groups=551 emitted_groups=551
cuda_device_grouped_observation tick=1 box="world" view="population_cells" key_space_size=4152 occupied_groups=432 emitted_groups=432
cuda_device_grouped_observation tick=2 box="world" view="population_cells" key_space_size=4152 occupied_groups=359 emitted_groups=359
cuda_device_grouped_observation tick=0 box="world" view="population_cells" key_space_size=4152 occupied_groups=551 emitted_groups=551
cuda_device_grouped_observation tick=1 box="world" view="population_cells" key_space_size=4152 occupied_groups=432 emitted_groups=432
cuda_device_grouped_observation tick=2 box="world" view="population_cells" key_space_size=4152 occupied_groups=359 emitted_groups=359
cuda_device_grouped_observation tick=0 box="world" view="population_cells" key_space_size=4152 occupied_groups=551 emitted_groups=551
cuda_device_grouped_observation tick=1 box="world" view="population_cells" key_space_size=4152 occupied_groups=432 emitted_groups=432
cuda_device_grouped_observation tick=2 box="world" view="population_cells" key_space_size=4152 occupied_groups=359 emitted_groups=359
ok
test backend::sweep_capacity_tests::sparse_resource_reports_match_cpu_across_ticks_and_reset ... ok

test result: ok. 4 passed; 0 failed; 0 ignored; 0 measured; 42 filtered out; finished in 14.37s

========= ERROR SUMMARY: 0 errors
