========= COMPUTE-SANITIZER
    Finished `release` profile [optimized] target(s) in 0.01s
     Running unittests src/lib.rs (target/release/deps/sembla_cuda-6b75d9e03b236814)

running 4 tests
test backend::conflict_geometry_hardware::segmented_argmin_winner_matches_cpu_under_three_geometries ... ok
test backend::diagnostic_equality_hardware::negative_corpus_matches_cpu_status_under_four_geometries ... 
running 0 tests

test result: ok. 0 passed; 0 failed; 0 ignored; 0 measured; 45 filtered out; finished in 0.00s

ok
test backend::optimization_hardware_tests::optimized_reductions_match_cpu_for_group_sizes_and_fused_resets ... cuda_device_grouped_observation tick=0 box="world" view="population_cells" key_space_size=0 occupied_groups=0 emitted_groups=0
cuda_device_grouped_observation tick=1 box="world" view="population_cells" key_space_size=0 occupied_groups=0 emitted_groups=0
cuda_device_grouped_observation tick=2 box="world" view="population_cells" key_space_size=0 occupied_groups=0 emitted_groups=0
cuda_device_grouped_observation tick=0 box="world" view="population_cells" key_space_size=0 occupied_groups=0 emitted_groups=0
cuda_device_grouped_observation tick=1 box="world" view="population_cells" key_space_size=0 occupied_groups=0 emitted_groups=0
cuda_device_grouped_observation tick=2 box="world" view="population_cells" key_space_size=0 occupied_groups=0 emitted_groups=0
cuda_device_grouped_observation tick=0 box="world" view="population_cells" key_space_size=0 occupied_groups=0 emitted_groups=0
cuda_device_grouped_observation tick=1 box="world" view="population_cells" key_space_size=0 occupied_groups=0 emitted_groups=0
cuda_device_grouped_observation tick=2 box="world" view="population_cells" key_space_size=0 occupied_groups=0 emitted_groups=0
cuda_device_grouped_observation tick=0 box="world" view="population_cells" key_space_size=24 occupied_groups=0 emitted_groups=0
cuda_device_grouped_observation tick=1 box="world" view="population_cells" key_space_size=24 occupied_groups=0 emitted_groups=0
cuda_device_grouped_observation tick=2 box="world" view="population_cells" key_space_size=24 occupied_groups=0 emitted_groups=0
cuda_device_grouped_observation tick=0 box="world" view="population_cells" key_space_size=24 occupied_groups=0 emitted_groups=0
cuda_device_grouped_observation tick=1 box="world" view="population_cells" key_space_size=24 occupied_groups=0 emitted_groups=0
cuda_device_grouped_observation tick=2 box="world" view="population_cells" key_space_size=24 occupied_groups=0 emitted_groups=0
cuda_device_grouped_observation tick=0 box="world" view="population_cells" key_space_size=24 occupied_groups=0 emitted_groups=0
cuda_device_grouped_observation tick=1 box="world" view="population_cells" key_space_size=24 occupied_groups=0 emitted_groups=0
cuda_device_grouped_observation tick=2 box="world" view="population_cells" key_space_size=24 occupied_groups=0 emitted_groups=0
cuda_device_grouped_observation tick=0 box="world" view="population_cells" key_space_size=408 occupied_groups=136 emitted_groups=136
cuda_device_grouped_observation tick=1 box="world" view="population_cells" key_space_size=408 occupied_groups=136 emitted_groups=136
cuda_device_grouped_observation tick=2 box="world" view="population_cells" key_space_size=408 occupied_groups=131 emitted_groups=131
cuda_device_grouped_observation tick=0 box="world" view="population_cells" key_space_size=408 occupied_groups=136 emitted_groups=136
cuda_device_grouped_observation tick=1 box="world" view="population_cells" key_space_size=408 occupied_groups=136 emitted_groups=136
cuda_device_grouped_observation tick=2 box="world" view="population_cells" key_space_size=408 occupied_groups=131 emitted_groups=131
cuda_device_grouped_observation tick=0 box="world" view="population_cells" key_space_size=408 occupied_groups=136 emitted_groups=136
cuda_device_grouped_observation tick=1 box="world" view="population_cells" key_space_size=408 occupied_groups=136 emitted_groups=136
cuda_device_grouped_observation tick=2 box="world" view="population_cells" key_space_size=408 occupied_groups=131 emitted_groups=131
cuda_device_grouped_observation tick=0 box="world" view="population_cells" key_space_size=4152 occupied_groups=551 emitted_groups=551
cuda_device_grouped_observation tick=1 box="world" view="population_cells" key_space_size=4152 occupied_groups=432 emitted_groups=432
cuda_device_grouped_observation tick=2 box="world" view="population_cells" key_space_size=4152 occupied_groups=359 emitted_groups=359
cuda_device_grouped_observation tick=0 box="world" view="population_cells" key_space_size=4152 occupied_groups=551 emitted_groups=551
cuda_device_grouped_observation tick=1 box="world" view="population_cells" key_space_size=4152 occupied_groups=432 emitted_groups=432
cuda_device_grouped_observation tick=2 box="world" view="population_cells" key_space_size=4152 occupied_groups=359 emitted_groups=359
cuda_device_grouped_observation tick=0 box="world" view="population_cells" key_space_size=4152 occupied_groups=551 emitted_groups=551
cuda_device_grouped_observation tick=1 box="world" view="population_cells" key_space_size=4152 occupied_groups=432 emitted_groups=432
cuda_device_grouped_observation tick=2 box="world" view="population_cells" key_space_size=4152 occupied_groups=359 emitted_groups=359
ok
test backend::sweep_capacity_tests::sparse_resource_reports_match_cpu_across_ticks_and_reset ... ok

test result: ok. 4 passed; 0 failed; 0 ignored; 0 measured; 41 filtered out; finished in 4.32s

========= ERROR SUMMARY: 0 errors
