    Finished `release` profile [optimized] target(s) in 0.01s
     Running `target/release/sembla diff-backends --all-plan-fixtures --population 1000 --seed 7 --ticks 20 --enable grouped-observations`
cuda_device_observation eligible=true reason=all scalar and grouped views are device-eligible
cuda_device_observation_view box="world" view="population" eligible=true reason=count with a row-local filter
cuda_device_observation_view box="world" view="population_cells" eligible=true reason=grouped count with a row-local filter and exactly boundable keys
cuda_device_grouped_observation tick=0 box="world" view="population_cells" key_space_size=2000 occupied_groups=1 emitted_groups=1
cuda_device_grouped_observation tick=1 box="world" view="population_cells" key_space_size=2000 occupied_groups=1 emitted_groups=1
cuda_device_grouped_observation tick=2 box="world" view="population_cells" key_space_size=2000 occupied_groups=1 emitted_groups=1
cuda_device_grouped_observation tick=3 box="world" view="population_cells" key_space_size=2000 occupied_groups=1 emitted_groups=1
cuda_device_grouped_observation tick=4 box="world" view="population_cells" key_space_size=2000 occupied_groups=1 emitted_groups=1
cuda_device_grouped_observation tick=5 box="world" view="population_cells" key_space_size=2000 occupied_groups=1 emitted_groups=1
cuda_device_grouped_observation tick=6 box="world" view="population_cells" key_space_size=2000 occupied_groups=1 emitted_groups=1
cuda_device_grouped_observation tick=7 box="world" view="population_cells" key_space_size=2000 occupied_groups=1 emitted_groups=1
cuda_device_grouped_observation tick=8 box="world" view="population_cells" key_space_size=2000 occupied_groups=1 emitted_groups=1
cuda_device_grouped_observation tick=9 box="world" view="population_cells" key_space_size=2000 occupied_groups=1 emitted_groups=1
cuda_device_grouped_observation tick=10 box="world" view="population_cells" key_space_size=2000 occupied_groups=1 emitted_groups=1
cuda_device_grouped_observation tick=11 box="world" view="population_cells" key_space_size=2000 occupied_groups=1 emitted_groups=1
cuda_device_grouped_observation tick=12 box="world" view="population_cells" key_space_size=2000 occupied_groups=1 emitted_groups=1
cuda_device_grouped_observation tick=13 box="world" view="population_cells" key_space_size=2000 occupied_groups=1 emitted_groups=1
cuda_device_grouped_observation tick=14 box="world" view="population_cells" key_space_size=2000 occupied_groups=1 emitted_groups=1
cuda_device_grouped_observation tick=15 box="world" view="population_cells" key_space_size=2000 occupied_groups=1 emitted_groups=1
cuda_device_grouped_observation tick=16 box="world" view="population_cells" key_space_size=2000 occupied_groups=1 emitted_groups=1
cuda_device_grouped_observation tick=17 box="world" view="population_cells" key_space_size=2000 occupied_groups=1 emitted_groups=1
cuda_device_grouped_observation tick=18 box="world" view="population_cells" key_space_size=2000 occupied_groups=1 emitted_groups=1
cuda_device_grouped_observation tick=19 box="world" view="population_cells" key_space_size=2000 occupied_groups=1 emitted_groups=1
model=fixtures/plans/grouped_observation.plan.json verdict=equal cpu_ticks_per_sec=14262.731 cuda_ticks_per_sec=265.917
cuda_device_observation eligible=true reason=all scalar and grouped views are device-eligible
cuda_device_observation_view box="population" view="I" eligible=true reason=count with a row-local filter
cuda_device_observation_view box="population" view="R" eligible=true reason=count with a row-local filter
cuda_device_observation_view box="population" view="S" eligible=true reason=count with a row-local filter
model=fixtures/plans/linked/epidemic_policy.plan.json verdict=equal cpu_ticks_per_sec=15791.888 cuda_ticks_per_sec=240.227
cuda_device_observation eligible=true reason=all scalar and grouped views are device-eligible
cuda_device_observation_view box="population" view="I" eligible=true reason=count with a row-local filter
cuda_device_observation_view box="population" view="R" eligible=true reason=count with a row-local filter
cuda_device_observation_view box="population" view="S" eligible=true reason=count with a row-local filter
model=fixtures/plans/linked/independent_epidemic_policy.plan.json verdict=equal cpu_ticks_per_sec=16462.057 cuda_ticks_per_sec=245.258
cuda_device_observation eligible=true reason=all scalar and grouped views are device-eligible
cuda_device_observation_view box="pong" view="seen_yes" eligible=true reason=count with a row-local filter
model=fixtures/plans/linked/ping_pong.plan.json verdict=equal cpu_ticks_per_sec=24201.238 cuda_ticks_per_sec=267.683
cuda_device_observation eligible=true reason=all scalar and grouped views are device-eligible
cuda_device_observation_view box="epidemic/population" view="I" eligible=true reason=count with a row-local filter
cuda_device_observation_view box="epidemic/population" view="R" eligible=true reason=count with a row-local filter
cuda_device_observation_view box="epidemic/population" view="S" eligible=true reason=count with a row-local filter
model=fixtures/plans/linked/regional_response.plan.json verdict=equal cpu_ticks_per_sec=15823.048 cuda_ticks_per_sec=232.865
cuda_device_observation eligible=true reason=all scalar and grouped views are device-eligible
cuda_device_observation_view box="population" view="I" eligible=true reason=count with a row-local filter
cuda_device_observation_view box="population" view="R" eligible=true reason=count with a row-local filter
cuda_device_observation_view box="population" view="S" eligible=true reason=count with a row-local filter
model=fixtures/plans/linked/solo_population.plan.json verdict=equal cpu_ticks_per_sec=17110.308 cuda_ticks_per_sec=248.603
cuda_device_observation eligible=true reason=all scalar and grouped views are device-eligible
cuda_device_observation_view box="north/population" view="I" eligible=true reason=count with a row-local filter
cuda_device_observation_view box="north/population" view="R" eligible=true reason=count with a row-local filter
cuda_device_observation_view box="north/population" view="S" eligible=true reason=count with a row-local filter
cuda_device_observation_view box="south/population" view="I" eligible=true reason=count with a row-local filter
cuda_device_observation_view box="south/population" view="R" eligible=true reason=count with a row-local filter
cuda_device_observation_view box="south/population" view="S" eligible=true reason=count with a row-local filter
model=fixtures/plans/linked/two_independent_regions.plan.json verdict=equal cpu_ticks_per_sec=11616.736 cuda_ticks_per_sec=218.396
cuda_device_observation eligible=true reason=all scalar and grouped views are device-eligible
cuda_device_observation_view box="north/population" view="I" eligible=true reason=count with a row-local filter
cuda_device_observation_view box="north/population" view="R" eligible=true reason=count with a row-local filter
cuda_device_observation_view box="north/population" view="S" eligible=true reason=count with a row-local filter
cuda_device_observation_view box="south/population" view="I" eligible=true reason=count with a row-local filter
cuda_device_observation_view box="south/population" view="R" eligible=true reason=count with a row-local filter
cuda_device_observation_view box="south/population" view="S" eligible=true reason=count with a row-local filter
model=fixtures/plans/linked/two_regions.plan.json verdict=equal cpu_ticks_per_sec=11341.752 cuda_ticks_per_sec=211.371
cuda_device_observation eligible=true reason=all scalar and grouped views are device-eligible
cuda_device_observation_view box="wpong/pong" view="seen_yes" eligible=true reason=count with a row-local filter
model=fixtures/plans/linked/wrapped_ping_pong.plan.json verdict=equal cpu_ticks_per_sec=24164.892 cuda_ticks_per_sec=262.709
cuda_device_observation eligible=false reason=at least one view requires host observation
cuda_device_observation_view box="population" view="active_count" eligible=true reason=count with a row-local filter
cuda_device_observation_view box="population" view="maximum_value" eligible=false reason=value is not a row-local infallible Int expression; Real extrema retain host NaN ordering
cuda_device_observation_view box="population" view="minimum_visits" eligible=true reason=Int min/max with row-local filter and value
cuda_device_observation_view box="population" view="total_value" eligible=false reason=Sum preserves host order for Real and host overflow association for Int
model=fixtures/plans/observations.plan.json verdict=equal cpu_ticks_per_sec=17788.846 cuda_ticks_per_sec=274.052
cuda_device_observation eligible=true reason=all scalar and grouped views are device-eligible
cuda_device_observation_view box="sir" view="I" eligible=true reason=count with a row-local filter
cuda_device_observation_view box="sir" view="R" eligible=true reason=count with a row-local filter
cuda_device_observation_view box="sir" view="S" eligible=true reason=count with a row-local filter
model=fixtures/plans/sir.plan.json verdict=equal cpu_ticks_per_sec=17936.946 cuda_ticks_per_sec=250.000
cuda_device_observation eligible=true reason=all scalar and grouped views are device-eligible
cuda_device_observation_view box="population" view="I" eligible=true reason=count with a row-local filter
cuda_device_observation_view box="population" view="R" eligible=true reason=count with a row-local filter
cuda_device_observation_view box="population" view="S" eligible=true reason=count with a row-local filter
model=fixtures/plans/sir_policy.plan.json verdict=equal cpu_ticks_per_sec=29.642 cuda_ticks_per_sec=2.646
cuda_device_observation eligible=false reason=no declared views; legacy state reporting requires host state
model=fixtures/plans/two_box.plan.json verdict=equal cpu_ticks_per_sec=23905.402 cuda_ticks_per_sec=268.051
cuda_device_observation eligible=false reason=no declared views; legacy state reporting requires host state
model=fixtures/plans/two_box_plus_sibling.plan.json verdict=equal cpu_ticks_per_sec=23378.715 cuda_ticks_per_sec=265.429
corpus_verdict=equal models=14
