commit=7e15042a1c26e217431b58471b7fe27ede501613
utc=2026-09-06T20-25-34Z
driver=570.195.03
gpu=NVIDIA H100 PCIe
correctness_hardware=any CUDA-capable NVIDIA GPU
performance_hardware=verified full-rate FP64 required
   Compiling sembla-cuda v0.3.0 (/home/ubuntu/sembla/crates/sembla-cuda)
    Finished `release` profile [optimized] target(s) in 3.78s
     Running unittests src/lib.rs (target/release/deps/sembla_cuda-6b75d9e03b236814)

running 1 test

running 0 tests

test result: ok. 0 passed; 0 failed; 0 ignored; 0 measured; 45 filtered out; finished in 0.00s

test backend::diagnostic_equality_hardware::negative_corpus_matches_cpu_status_under_four_geometries ... ok

test result: ok. 1 passed; 0 failed; 0 ignored; 0 measured; 44 filtered out; finished in 0.10s

    Finished `release` profile [optimized] target(s) in 0.01s
     Running unittests src/lib.rs (target/release/deps/sembla_cuda-6b75d9e03b236814)

running 1 test
test backend::sweep_capacity_tests::sparse_resource_reports_match_cpu_across_ticks_and_reset ... ok

test result: ok. 1 passed; 0 failed; 0 ignored; 0 measured; 44 filtered out; finished in 1.45s

    Finished `release` profile [optimized] target(s) in 0.01s
     Running unittests src/lib.rs (target/release/deps/sembla_cuda-6b75d9e03b236814)

running 1 test
cuda_device_grouped_observation tick=0 box="world" view="population_cells" key_space_size=0 occupied_groups=0 emitted_groups=0
cuda_device_grouped_observation tick=1 box="world" view="population_cells" key_space_size=0 occupied_groups=0 emitted_groups=0
cuda_device_grouped_observation tick=2 box="world" view="population_cells" key_space_size=0 occupied_groups=0 emitted_groups=0
cuda_device_grouped_observation tick=0 box="world" view="population_cells" key_space_size=0 occupied_groups=0 emitted_groups=0
cuda_device_grouped_observation tick=1 box="world" view="population_cells" key_space_size=0 occupied_groups=0 emitted_groups=0
cuda_device_grouped_observation tick=2 box="world" view="population_cells" key_space_size=0 occupied_groups=0 emitted_groups=0
cuda_device_grouped_observation tick=0 box="world" view="population_cells" key_space_size=0 occupied_groups=0 emitted_groups=0
cuda_device_grouped_observation tick=1 box="world" view="population_cells" key_space_size=0 occupied_groups=0 emitted_groups=0
cuda_device_grouped_observation tick=2 box="world" view="population_cells" key_space_size=0 occupied_groups=0 emitted_groups=0
cuda_device_grouped_observation tick=0 box="world" view="population_cells" key_space_size=24 occupied_groups=0 emitted_groups=0
cuda_device_grouped_observation tick=1 box="world" view="population_cells" key_space_size=24 occupied_groups=0 emitted_groups=0
cuda_device_grouped_observation tick=2 box="world" view="population_cells" key_space_size=24 occupied_groups=0 emitted_groups=0
cuda_device_grouped_observation tick=0 box="world" view="population_cells" key_space_size=24 occupied_groups=0 emitted_groups=0
cuda_device_grouped_observation tick=1 box="world" view="population_cells" key_space_size=24 occupied_groups=0 emitted_groups=0
cuda_device_grouped_observation tick=2 box="world" view="population_cells" key_space_size=24 occupied_groups=0 emitted_groups=0
cuda_device_grouped_observation tick=0 box="world" view="population_cells" key_space_size=24 occupied_groups=0 emitted_groups=0
cuda_device_grouped_observation tick=1 box="world" view="population_cells" key_space_size=24 occupied_groups=0 emitted_groups=0
cuda_device_grouped_observation tick=2 box="world" view="population_cells" key_space_size=24 occupied_groups=0 emitted_groups=0
cuda_device_grouped_observation tick=0 box="world" view="population_cells" key_space_size=408 occupied_groups=136 emitted_groups=136
cuda_device_grouped_observation tick=1 box="world" view="population_cells" key_space_size=408 occupied_groups=136 emitted_groups=136
cuda_device_grouped_observation tick=2 box="world" view="population_cells" key_space_size=408 occupied_groups=131 emitted_groups=131
cuda_device_grouped_observation tick=0 box="world" view="population_cells" key_space_size=408 occupied_groups=136 emitted_groups=136
cuda_device_grouped_observation tick=1 box="world" view="population_cells" key_space_size=408 occupied_groups=136 emitted_groups=136
cuda_device_grouped_observation tick=2 box="world" view="population_cells" key_space_size=408 occupied_groups=131 emitted_groups=131
cuda_device_grouped_observation tick=0 box="world" view="population_cells" key_space_size=408 occupied_groups=136 emitted_groups=136
cuda_device_grouped_observation tick=1 box="world" view="population_cells" key_space_size=408 occupied_groups=136 emitted_groups=136
cuda_device_grouped_observation tick=2 box="world" view="population_cells" key_space_size=408 occupied_groups=131 emitted_groups=131
cuda_device_grouped_observation tick=0 box="world" view="population_cells" key_space_size=4152 occupied_groups=551 emitted_groups=551
cuda_device_grouped_observation tick=1 box="world" view="population_cells" key_space_size=4152 occupied_groups=432 emitted_groups=432
cuda_device_grouped_observation tick=2 box="world" view="population_cells" key_space_size=4152 occupied_groups=359 emitted_groups=359
cuda_device_grouped_observation tick=0 box="world" view="population_cells" key_space_size=4152 occupied_groups=551 emitted_groups=551
cuda_device_grouped_observation tick=1 box="world" view="population_cells" key_space_size=4152 occupied_groups=432 emitted_groups=432
cuda_device_grouped_observation tick=2 box="world" view="population_cells" key_space_size=4152 occupied_groups=359 emitted_groups=359
cuda_device_grouped_observation tick=0 box="world" view="population_cells" key_space_size=4152 occupied_groups=551 emitted_groups=551
cuda_device_grouped_observation tick=1 box="world" view="population_cells" key_space_size=4152 occupied_groups=432 emitted_groups=432
cuda_device_grouped_observation tick=2 box="world" view="population_cells" key_space_size=4152 occupied_groups=359 emitted_groups=359
test backend::optimization_hardware_tests::optimized_reductions_match_cpu_for_group_sizes_and_fused_resets ... ok

test result: ok. 1 passed; 0 failed; 0 ignored; 0 measured; 44 filtered out; finished in 2.50s

    Finished `release` profile [optimized] target(s) in 0.01s
     Running `target/release/sembla diff-backends fixtures/demographic/benchmark/demographic_slots.no-grouped.json --population 1000 --seed 7 --ticks 20`
cuda_device_observation eligible=true reason=all scalar and grouped views are device-eligible
cuda_device_observation_view box="demographic" view="population" eligible=true reason=count with a row-local filter
cuda_device_observation_view box="demographic" view="invalid_age" eligible=true reason=count with a row-local filter
cuda_device_observation_view box="demographic" view="males" eligible=true reason=count with a row-local filter
cuda_device_observation_view box="demographic" view="females" eligible=true reason=count with a row-local filter
cuda_device_observation_view box="demographic" view="age_00_04" eligible=true reason=count with a row-local filter
cuda_device_observation_view box="demographic" view="age_20_24" eligible=true reason=count with a row-local filter
cuda_device_observation_view box="demographic" view="age_65_69" eligible=true reason=count with a row-local filter
cuda_device_observation_view box="demographic" view="age_85_plus" eligible=true reason=count with a row-local filter
cuda_device_observation_view box="demographic" view="births_this_tick" eligible=true reason=count with a row-local filter
cuda_device_observation_view box="demographic" view="deaths_this_tick" eligible=true reason=count with a row-local filter
cuda_device_observation_view box="demographic" view="overseas_arrivals_this_tick" eligible=true reason=count with a row-local filter
cuda_device_observation_view box="demographic" view="overseas_departures_this_tick" eligible=true reason=count with a row-local filter
cuda_device_observation_view box="demographic" view="internal_arrivals_this_tick" eligible=true reason=count with a row-local filter
cuda_device_observation_view box="demographic" view="internal_departures_this_tick" eligible=true reason=count with a row-local filter
cuda_device_observation_view box="demographic" view="locked_out" eligible=true reason=count with a row-local filter
cuda_device_observation_view box="demographic" view="vacant_birth_slots" eligible=true reason=count with a row-local filter
cuda_device_observation_view box="demographic" view="vacant_overseas_slots" eligible=true reason=count with a row-local filter
cuda_device_observation_view box="demographic" view="vacant_internal_slots" eligible=true reason=count with a row-local filter
cuda_device_observation_view box="demographic" view="max_generation" eligible=true reason=Int min/max with row-local filter and value
model=fixtures/demographic/benchmark/demographic_slots.no-grouped.json verdict=equal cpu_ticks_per_sec=4629.481 cuda_ticks_per_sec=253.843
    Finished `release` profile [optimized] target(s) in 0.01s
     Running `target/release/sembla diff-backends fixtures/demographic/demographic_slots.json --population fixtures/state/demographic_slots.state --seed 7 --ticks 20 --enable grouped-observations`
cuda_device_observation eligible=true reason=all scalar and grouped views are device-eligible
cuda_device_observation_view box="demographic" view="population" eligible=true reason=count with a row-local filter
cuda_device_observation_view box="demographic" view="invalid_age" eligible=true reason=count with a row-local filter
cuda_device_observation_view box="demographic" view="males" eligible=true reason=count with a row-local filter
cuda_device_observation_view box="demographic" view="females" eligible=true reason=count with a row-local filter
cuda_device_observation_view box="demographic" view="age_00_04" eligible=true reason=count with a row-local filter
cuda_device_observation_view box="demographic" view="age_20_24" eligible=true reason=count with a row-local filter
cuda_device_observation_view box="demographic" view="age_65_69" eligible=true reason=count with a row-local filter
cuda_device_observation_view box="demographic" view="age_85_plus" eligible=true reason=count with a row-local filter
cuda_device_observation_view box="demographic" view="births_this_tick" eligible=true reason=count with a row-local filter
cuda_device_observation_view box="demographic" view="deaths_this_tick" eligible=true reason=count with a row-local filter
cuda_device_observation_view box="demographic" view="overseas_arrivals_this_tick" eligible=true reason=count with a row-local filter
cuda_device_observation_view box="demographic" view="overseas_departures_this_tick" eligible=true reason=count with a row-local filter
cuda_device_observation_view box="demographic" view="internal_arrivals_this_tick" eligible=true reason=count with a row-local filter
cuda_device_observation_view box="demographic" view="internal_departures_this_tick" eligible=true reason=count with a row-local filter
cuda_device_observation_view box="demographic" view="locked_out" eligible=true reason=count with a row-local filter
cuda_device_observation_view box="demographic" view="vacant_birth_slots" eligible=true reason=count with a row-local filter
cuda_device_observation_view box="demographic" view="vacant_overseas_slots" eligible=true reason=count with a row-local filter
cuda_device_observation_view box="demographic" view="vacant_internal_slots" eligible=true reason=count with a row-local filter
cuda_device_observation_view box="demographic" view="max_generation" eligible=true reason=Int min/max with row-local filter and value
cuda_device_observation_view box="demographic" view="population_cells" eligible=true reason=grouped count with a row-local filter and exactly boundable keys
cuda_device_observation_view box="demographic" view="deaths_cells" eligible=true reason=grouped count with a row-local filter and exactly boundable keys
cuda_device_observation_view box="demographic" view="vacancy_cells" eligible=true reason=grouped count with a row-local filter and exactly boundable keys
cuda_device_grouped_observation tick=0 box="demographic" view="population_cells" key_space_size=152 occupied_groups=76 emitted_groups=76
cuda_device_grouped_observation tick=0 box="demographic" view="deaths_cells" key_space_size=36 occupied_groups=15 emitted_groups=15
cuda_device_grouped_observation tick=0 box="demographic" view="vacancy_cells" key_space_size=12 occupied_groups=12 emitted_groups=12
cuda_device_grouped_observation tick=1 box="demographic" view="population_cells" key_space_size=160 occupied_groups=78 emitted_groups=78
cuda_device_grouped_observation tick=1 box="demographic" view="deaths_cells" key_space_size=40 occupied_groups=13 emitted_groups=13
cuda_device_grouped_observation tick=1 box="demographic" view="vacancy_cells" key_space_size=12 occupied_groups=12 emitted_groups=12
cuda_device_grouped_observation tick=2 box="demographic" view="population_cells" key_space_size=160 occupied_groups=78 emitted_groups=78
cuda_device_grouped_observation tick=2 box="demographic" view="deaths_cells" key_space_size=40 occupied_groups=10 emitted_groups=10
cuda_device_grouped_observation tick=2 box="demographic" view="vacancy_cells" key_space_size=12 occupied_groups=12 emitted_groups=12
cuda_device_grouped_observation tick=3 box="demographic" view="population_cells" key_space_size=160 occupied_groups=79 emitted_groups=79
cuda_device_grouped_observation tick=3 box="demographic" view="deaths_cells" key_space_size=40 occupied_groups=17 emitted_groups=17
cuda_device_grouped_observation tick=3 box="demographic" view="vacancy_cells" key_space_size=12 occupied_groups=12 emitted_groups=12
cuda_device_grouped_observation tick=4 box="demographic" view="population_cells" key_space_size=160 occupied_groups=79 emitted_groups=79
cuda_device_grouped_observation tick=4 box="demographic" view="deaths_cells" key_space_size=40 occupied_groups=12 emitted_groups=12
cuda_device_grouped_observation tick=4 box="demographic" view="vacancy_cells" key_space_size=12 occupied_groups=12 emitted_groups=12
cuda_device_grouped_observation tick=5 box="demographic" view="population_cells" key_space_size=160 occupied_groups=79 emitted_groups=79
cuda_device_grouped_observation tick=5 box="demographic" view="deaths_cells" key_space_size=40 occupied_groups=14 emitted_groups=14
cuda_device_grouped_observation tick=5 box="demographic" view="vacancy_cells" key_space_size=12 occupied_groups=12 emitted_groups=12
cuda_device_grouped_observation tick=6 box="demographic" view="population_cells" key_space_size=160 occupied_groups=79 emitted_groups=79
cuda_device_grouped_observation tick=6 box="demographic" view="deaths_cells" key_space_size=40 occupied_groups=13 emitted_groups=13
cuda_device_grouped_observation tick=6 box="demographic" view="vacancy_cells" key_space_size=12 occupied_groups=12 emitted_groups=12
cuda_device_grouped_observation tick=7 box="demographic" view="population_cells" key_space_size=160 occupied_groups=80 emitted_groups=80
cuda_device_grouped_observation tick=7 box="demographic" view="deaths_cells" key_space_size=40 occupied_groups=12 emitted_groups=12
cuda_device_grouped_observation tick=7 box="demographic" view="vacancy_cells" key_space_size=12 occupied_groups=12 emitted_groups=12
cuda_device_grouped_observation tick=8 box="demographic" view="population_cells" key_space_size=160 occupied_groups=80 emitted_groups=80
cuda_device_grouped_observation tick=8 box="demographic" view="deaths_cells" key_space_size=40 occupied_groups=12 emitted_groups=12
cuda_device_grouped_observation tick=8 box="demographic" view="vacancy_cells" key_space_size=12 occupied_groups=12 emitted_groups=12
cuda_device_grouped_observation tick=9 box="demographic" view="population_cells" key_space_size=160 occupied_groups=80 emitted_groups=80
cuda_device_grouped_observation tick=9 box="demographic" view="deaths_cells" key_space_size=40 occupied_groups=10 emitted_groups=10
cuda_device_grouped_observation tick=9 box="demographic" view="vacancy_cells" key_space_size=12 occupied_groups=12 emitted_groups=12
cuda_device_grouped_observation tick=10 box="demographic" view="population_cells" key_space_size=160 occupied_groups=80 emitted_groups=80
cuda_device_grouped_observation tick=10 box="demographic" view="deaths_cells" key_space_size=40 occupied_groups=15 emitted_groups=15
cuda_device_grouped_observation tick=10 box="demographic" view="vacancy_cells" key_space_size=12 occupied_groups=12 emitted_groups=12
cuda_device_grouped_observation tick=11 box="demographic" view="population_cells" key_space_size=160 occupied_groups=80 emitted_groups=80
cuda_device_grouped_observation tick=11 box="demographic" view="deaths_cells" key_space_size=40 occupied_groups=9 emitted_groups=9
cuda_device_grouped_observation tick=11 box="demographic" view="vacancy_cells" key_space_size=12 occupied_groups=12 emitted_groups=12
cuda_device_grouped_observation tick=12 box="demographic" view="population_cells" key_space_size=160 occupied_groups=80 emitted_groups=80
cuda_device_grouped_observation tick=12 box="demographic" view="deaths_cells" key_space_size=40 occupied_groups=15 emitted_groups=15
cuda_device_grouped_observation tick=12 box="demographic" view="vacancy_cells" key_space_size=12 occupied_groups=12 emitted_groups=12
cuda_device_grouped_observation tick=13 box="demographic" view="population_cells" key_space_size=160 occupied_groups=80 emitted_groups=80
cuda_device_grouped_observation tick=13 box="demographic" view="deaths_cells" key_space_size=40 occupied_groups=11 emitted_groups=11
cuda_device_grouped_observation tick=13 box="demographic" view="vacancy_cells" key_space_size=12 occupied_groups=12 emitted_groups=12
cuda_device_grouped_observation tick=14 box="demographic" view="population_cells" key_space_size=160 occupied_groups=80 emitted_groups=80
cuda_device_grouped_observation tick=14 box="demographic" view="deaths_cells" key_space_size=40 occupied_groups=6 emitted_groups=6
cuda_device_grouped_observation tick=14 box="demographic" view="vacancy_cells" key_space_size=12 occupied_groups=12 emitted_groups=12
cuda_device_grouped_observation tick=15 box="demographic" view="population_cells" key_space_size=160 occupied_groups=80 emitted_groups=80
cuda_device_grouped_observation tick=15 box="demographic" view="deaths_cells" key_space_size=40 occupied_groups=12 emitted_groups=12
cuda_device_grouped_observation tick=15 box="demographic" view="vacancy_cells" key_space_size=12 occupied_groups=12 emitted_groups=12
cuda_device_grouped_observation tick=16 box="demographic" view="population_cells" key_space_size=160 occupied_groups=80 emitted_groups=80
cuda_device_grouped_observation tick=16 box="demographic" view="deaths_cells" key_space_size=40 occupied_groups=8 emitted_groups=8
cuda_device_grouped_observation tick=16 box="demographic" view="vacancy_cells" key_space_size=12 occupied_groups=12 emitted_groups=12
cuda_device_grouped_observation tick=17 box="demographic" view="population_cells" key_space_size=160 occupied_groups=80 emitted_groups=80
cuda_device_grouped_observation tick=17 box="demographic" view="deaths_cells" key_space_size=40 occupied_groups=13 emitted_groups=13
cuda_device_grouped_observation tick=17 box="demographic" view="vacancy_cells" key_space_size=12 occupied_groups=12 emitted_groups=12
cuda_device_grouped_observation tick=18 box="demographic" view="population_cells" key_space_size=160 occupied_groups=80 emitted_groups=80
cuda_device_grouped_observation tick=18 box="demographic" view="deaths_cells" key_space_size=40 occupied_groups=7 emitted_groups=7
cuda_device_grouped_observation tick=18 box="demographic" view="vacancy_cells" key_space_size=12 occupied_groups=12 emitted_groups=12
cuda_device_grouped_observation tick=19 box="demographic" view="population_cells" key_space_size=160 occupied_groups=80 emitted_groups=80
cuda_device_grouped_observation tick=19 box="demographic" view="deaths_cells" key_space_size=40 occupied_groups=15 emitted_groups=15
cuda_device_grouped_observation tick=19 box="demographic" view="vacancy_cells" key_space_size=12 occupied_groups=12 emitted_groups=12
model=fixtures/demographic/demographic_slots.json verdict=equal cpu_ticks_per_sec=883.058 cuda_ticks_per_sec=233.133
   Compiling sembla-cli v0.3.0 (/home/ubuntu/sembla/crates/sembla-cli)
    Finished `release` profile [optimized] target(s) in 1.09s
     Running tests/gpu_differential.rs (target/release/deps/gpu_differential-f8b433bbf7a696d9)

running 9 tests
test ineligible_views_take_state_download_differential_fallback ... ok
test eligible_views_take_device_observation_differential_path ... ok
test grouped_demographic_configuration_uses_device_histograms_differentially ... ok
test cuda_manifest_verify_and_level_a_bytes_round_trip ... ok
test lockstep_nonblocking_stream_sweep_matches_sequential_cuda ... ok
test supported_free_stream_sweep_is_draw_independent_and_publishes_in_k_order ... ok
test fused_grid_y_sweep_matches_sequential_cuda_with_partial_tail ... ok
test differential_corpus_passes ... ok
test supported_composition_plan_differential_corpus_passes ... ok

test result: ok. 9 passed; 0 failed; 0 ignored; 0 measured; 1 filtered out; finished in 25.44s

    Finished `release` profile [optimized] target(s) in 0.01s
     Running `target/release/sembla diff-backends --all-examples --population 100 --seed 7 --ticks 20`
cuda_device_observation eligible=false reason=no declared views; legacy state reporting requires host state
model=examples/noisy_voter.json verdict=equal cpu_ticks_per_sec=20641.773 cuda_ticks_per_sec=262.825
cuda_device_observation eligible=false reason=at least one view requires host observation
cuda_device_observation_view box="population" view="total_value" eligible=false reason=Sum preserves host order for Real and host overflow association for Int
cuda_device_observation_view box="population" view="active_count" eligible=true reason=count with a row-local filter
cuda_device_observation_view box="population" view="minimum_visits" eligible=true reason=Int min/max with row-local filter and value
cuda_device_observation_view box="population" view="maximum_value" eligible=false reason=value is not a row-local infallible Int expression; Real extrema retain host NaN ordering
model=examples/observations.json verdict=equal cpu_ticks_per_sec=24327.941 cuda_ticks_per_sec=274.215
cuda_device_observation eligible=false reason=no declared views; legacy state reporting requires host state
model=examples/radioactive_decay_chain.json verdict=equal cpu_ticks_per_sec=24120.826 cuda_ticks_per_sec=272.255
cuda_device_observation eligible=false reason=no declared views; legacy state reporting requires host state
model=examples/reversible_ctmc.json verdict=equal cpu_ticks_per_sec=24664.471 cuda_ticks_per_sec=268.942
cuda_device_observation eligible=false reason=no declared views; legacy state reporting requires host state
model=examples/seirs_waning.json verdict=equal cpu_ticks_per_sec=19106.668 cuda_ticks_per_sec=262.025
cuda_device_observation eligible=true reason=all scalar and grouped views are device-eligible
cuda_device_observation_view box="sir" view="S" eligible=true reason=count with a row-local filter
cuda_device_observation_view box="sir" view="I" eligible=true reason=count with a row-local filter
cuda_device_observation_view box="sir" view="R" eligible=true reason=count with a row-local filter
model=examples/sir.json verdict=equal cpu_ticks_per_sec=23805.415 cuda_ticks_per_sec=259.698
cuda_device_observation eligible=true reason=all scalar and grouped views are device-eligible
cuda_device_observation_view box="population" view="S" eligible=true reason=count with a row-local filter
cuda_device_observation_view box="population" view="I" eligible=true reason=count with a row-local filter
cuda_device_observation_view box="population" view="R" eligible=true reason=count with a row-local filter
model=examples/sir_policy.json verdict=equal cpu_ticks_per_sec=28.594 cuda_ticks_per_sec=2.646
cuda_device_observation eligible=false reason=no declared views; legacy state reporting requires host state
model=examples/sis_importation.json verdict=equal cpu_ticks_per_sec=21913.870 cuda_ticks_per_sec=266.568
cuda_device_observation eligible=false reason=no declared views; legacy state reporting requires host state
model=examples/two_box.json verdict=equal cpu_ticks_per_sec=23634.935 cuda_ticks_per_sec=267.344
cuda_device_observation eligible=false reason=no declared views; legacy state reporting requires host state
model=examples/two_box_merged.json verdict=equal cpu_ticks_per_sec=21586.966 cuda_ticks_per_sec=265.412
cuda_device_observation eligible=false reason=no declared views; legacy state reporting requires host state
model=examples/two_state.json verdict=equal cpu_ticks_per_sec=24837.223 cuda_ticks_per_sec=271.228
corpus_verdict=equal models=11
    Finished `release` profile [optimized] target(s) in 0.01s
     Running `target/release/sembla diff-backends --all-plan-fixtures --population 1000 --seed 7 --ticks 20 --enable grouped-observations`
cuda_device_observation eligible=true reason=all scalar and grouped views are device-eligible
cuda_device_observation_view box="world" view="population" eligible=true reason=count with a row-local filter
cuda_device_observation_view box="world" view="population_cells" eligible=true reason=grouped count with a row-local filter and exactly boundable keys
cuda_device_grouped_observation tick=0 box="world" view="population_cells" key_space_size=2000 occupied_groups=1 emitted_groups=1
cuda_device_grouped_observation tick=1 box="world" view="population_cells" key_space_size=2000 occupied_groups=1 emitted_groups=1
cuda_device_grouped_observation tick=2 box="world" view="population_cells" key_space_size=2000 occupied_groups=1 emitted_groups=1
cuda_device_grouped_observation tick=3 box="world" view="population_cells" key_space_size=2000 occupied_groups=1 emitted_groups=1
cuda_device_grouped_observation tick=4 box="world" view="population_cells" key_space_size=2000 occupied_groups=1 emitted_groups=1
cuda_device_grouped_observation tick=5 box="world" view="population_cells" key_space_size=2000 occupied_groups=1 emitted_groups=1
cuda_device_grouped_observation tick=6 box="world" view="population_cells" key_space_size=2000 occupied_groups=1 emitted_groups=1
cuda_device_grouped_observation tick=7 box="world" view="population_cells" key_space_size=2000 occupied_groups=1 emitted_groups=1
cuda_device_grouped_observation tick=8 box="world" view="population_cells" key_space_size=2000 occupied_groups=1 emitted_groups=1
cuda_device_grouped_observation tick=9 box="world" view="population_cells" key_space_size=2000 occupied_groups=1 emitted_groups=1
cuda_device_grouped_observation tick=10 box="world" view="population_cells" key_space_size=2000 occupied_groups=1 emitted_groups=1
cuda_device_grouped_observation tick=11 box="world" view="population_cells" key_space_size=2000 occupied_groups=1 emitted_groups=1
cuda_device_grouped_observation tick=12 box="world" view="population_cells" key_space_size=2000 occupied_groups=1 emitted_groups=1
cuda_device_grouped_observation tick=13 box="world" view="population_cells" key_space_size=2000 occupied_groups=1 emitted_groups=1
cuda_device_grouped_observation tick=14 box="world" view="population_cells" key_space_size=2000 occupied_groups=1 emitted_groups=1
cuda_device_grouped_observation tick=15 box="world" view="population_cells" key_space_size=2000 occupied_groups=1 emitted_groups=1
cuda_device_grouped_observation tick=16 box="world" view="population_cells" key_space_size=2000 occupied_groups=1 emitted_groups=1
cuda_device_grouped_observation tick=17 box="world" view="population_cells" key_space_size=2000 occupied_groups=1 emitted_groups=1
cuda_device_grouped_observation tick=18 box="world" view="population_cells" key_space_size=2000 occupied_groups=1 emitted_groups=1
cuda_device_grouped_observation tick=19 box="world" view="population_cells" key_space_size=2000 occupied_groups=1 emitted_groups=1
model=fixtures/plans/grouped_observation.plan.json verdict=equal cpu_ticks_per_sec=14262.731 cuda_ticks_per_sec=265.917
cuda_device_observation eligible=true reason=all scalar and grouped views are device-eligible
cuda_device_observation_view box="population" view="I" eligible=true reason=count with a row-local filter
cuda_device_observation_view box="population" view="R" eligible=true reason=count with a row-local filter
cuda_device_observation_view box="population" view="S" eligible=true reason=count with a row-local filter
model=fixtures/plans/linked/epidemic_policy.plan.json verdict=equal cpu_ticks_per_sec=15791.888 cuda_ticks_per_sec=240.227
cuda_device_observation eligible=true reason=all scalar and grouped views are device-eligible
cuda_device_observation_view box="population" view="I" eligible=true reason=count with a row-local filter
cuda_device_observation_view box="population" view="R" eligible=true reason=count with a row-local filter
cuda_device_observation_view box="population" view="S" eligible=true reason=count with a row-local filter
model=fixtures/plans/linked/independent_epidemic_policy.plan.json verdict=equal cpu_ticks_per_sec=16462.057 cuda_ticks_per_sec=245.258
cuda_device_observation eligible=true reason=all scalar and grouped views are device-eligible
cuda_device_observation_view box="pong" view="seen_yes" eligible=true reason=count with a row-local filter
model=fixtures/plans/linked/ping_pong.plan.json verdict=equal cpu_ticks_per_sec=24201.238 cuda_ticks_per_sec=267.683
cuda_device_observation eligible=true reason=all scalar and grouped views are device-eligible
cuda_device_observation_view box="epidemic/population" view="I" eligible=true reason=count with a row-local filter
cuda_device_observation_view box="epidemic/population" view="R" eligible=true reason=count with a row-local filter
cuda_device_observation_view box="epidemic/population" view="S" eligible=true reason=count with a row-local filter
model=fixtures/plans/linked/regional_response.plan.json verdict=equal cpu_ticks_per_sec=15823.048 cuda_ticks_per_sec=232.865
cuda_device_observation eligible=true reason=all scalar and grouped views are device-eligible
cuda_device_observation_view box="population" view="I" eligible=true reason=count with a row-local filter
cuda_device_observation_view box="population" view="R" eligible=true reason=count with a row-local filter
cuda_device_observation_view box="population" view="S" eligible=true reason=count with a row-local filter
model=fixtures/plans/linked/solo_population.plan.json verdict=equal cpu_ticks_per_sec=17110.308 cuda_ticks_per_sec=248.603
cuda_device_observation eligible=true reason=all scalar and grouped views are device-eligible
cuda_device_observation_view box="north/population" view="I" eligible=true reason=count with a row-local filter
cuda_device_observation_view box="north/population" view="R" eligible=true reason=count with a row-local filter
cuda_device_observation_view box="north/population" view="S" eligible=true reason=count with a row-local filter
cuda_device_observation_view box="south/population" view="I" eligible=true reason=count with a row-local filter
cuda_device_observation_view box="south/population" view="R" eligible=true reason=count with a row-local filter
cuda_device_observation_view box="south/population" view="S" eligible=true reason=count with a row-local filter
model=fixtures/plans/linked/two_independent_regions.plan.json verdict=equal cpu_ticks_per_sec=11616.736 cuda_ticks_per_sec=218.396
cuda_device_observation eligible=true reason=all scalar and grouped views are device-eligible
cuda_device_observation_view box="north/population" view="I" eligible=true reason=count with a row-local filter
cuda_device_observation_view box="north/population" view="R" eligible=true reason=count with a row-local filter
cuda_device_observation_view box="north/population" view="S" eligible=true reason=count with a row-local filter
cuda_device_observation_view box="south/population" view="I" eligible=true reason=count with a row-local filter
cuda_device_observation_view box="south/population" view="R" eligible=true reason=count with a row-local filter
cuda_device_observation_view box="south/population" view="S" eligible=true reason=count with a row-local filter
model=fixtures/plans/linked/two_regions.plan.json verdict=equal cpu_ticks_per_sec=11341.752 cuda_ticks_per_sec=211.371
cuda_device_observation eligible=true reason=all scalar and grouped views are device-eligible
cuda_device_observation_view box="wpong/pong" view="seen_yes" eligible=true reason=count with a row-local filter
model=fixtures/plans/linked/wrapped_ping_pong.plan.json verdict=equal cpu_ticks_per_sec=24164.892 cuda_ticks_per_sec=262.709
cuda_device_observation eligible=false reason=at least one view requires host observation
cuda_device_observation_view box="population" view="active_count" eligible=true reason=count with a row-local filter
cuda_device_observation_view box="population" view="maximum_value" eligible=false reason=value is not a row-local infallible Int expression; Real extrema retain host NaN ordering
cuda_device_observation_view box="population" view="minimum_visits" eligible=true reason=Int min/max with row-local filter and value
cuda_device_observation_view box="population" view="total_value" eligible=false reason=Sum preserves host order for Real and host overflow association for Int
model=fixtures/plans/observations.plan.json verdict=equal cpu_ticks_per_sec=17788.846 cuda_ticks_per_sec=274.052
cuda_device_observation eligible=true reason=all scalar and grouped views are device-eligible
cuda_device_observation_view box="sir" view="I" eligible=true reason=count with a row-local filter
cuda_device_observation_view box="sir" view="R" eligible=true reason=count with a row-local filter
cuda_device_observation_view box="sir" view="S" eligible=true reason=count with a row-local filter
model=fixtures/plans/sir.plan.json verdict=equal cpu_ticks_per_sec=17936.946 cuda_ticks_per_sec=250.000
cuda_device_observation eligible=true reason=all scalar and grouped views are device-eligible
cuda_device_observation_view box="population" view="I" eligible=true reason=count with a row-local filter
cuda_device_observation_view box="population" view="R" eligible=true reason=count with a row-local filter
cuda_device_observation_view box="population" view="S" eligible=true reason=count with a row-local filter
model=fixtures/plans/sir_policy.plan.json verdict=equal cpu_ticks_per_sec=29.642 cuda_ticks_per_sec=2.646
cuda_device_observation eligible=false reason=no declared views; legacy state reporting requires host state
model=fixtures/plans/two_box.plan.json verdict=equal cpu_ticks_per_sec=23905.402 cuda_ticks_per_sec=268.051
cuda_device_observation eligible=false reason=no declared views; legacy state reporting requires host state
model=fixtures/plans/two_box_plus_sibling.plan.json verdict=equal cpu_ticks_per_sec=23378.715 cuda_ticks_per_sec=265.429
corpus_verdict=equal models=14
========= COMPUTE-SANITIZER
    Finished `release` profile [optimized] target(s) in 0.01s
     Running unittests src/lib.rs (target/release/deps/sembla_cuda-6b75d9e03b236814)

running 4 tests
test backend::conflict_geometry_hardware::segmented_argmin_winner_matches_cpu_under_three_geometries ... ok
test backend::diagnostic_equality_hardware::negative_corpus_matches_cpu_status_under_four_geometries ... 
running 0 tests

test result: ok. 0 passed; 0 failed; 0 ignored; 0 measured; 45 filtered out; finished in 0.00s

ok
test backend::optimization_hardware_tests::optimized_reductions_match_cpu_for_group_sizes_and_fused_resets ... cuda_device_grouped_observation tick=0 box="world" view="population_cells" key_space_size=0 occupied_groups=0 emitted_groups=0
cuda_device_grouped_observation tick=1 box="world" view="population_cells" key_space_size=0 occupied_groups=0 emitted_groups=0
cuda_device_grouped_observation tick=2 box="world" view="population_cells" key_space_size=0 occupied_groups=0 emitted_groups=0
cuda_device_grouped_observation tick=0 box="world" view="population_cells" key_space_size=0 occupied_groups=0 emitted_groups=0
cuda_device_grouped_observation tick=1 box="world" view="population_cells" key_space_size=0 occupied_groups=0 emitted_groups=0
cuda_device_grouped_observation tick=2 box="world" view="population_cells" key_space_size=0 occupied_groups=0 emitted_groups=0
cuda_device_grouped_observation tick=0 box="world" view="population_cells" key_space_size=0 occupied_groups=0 emitted_groups=0
cuda_device_grouped_observation tick=1 box="world" view="population_cells" key_space_size=0 occupied_groups=0 emitted_groups=0
cuda_device_grouped_observation tick=2 box="world" view="population_cells" key_space_size=0 occupied_groups=0 emitted_groups=0
cuda_device_grouped_observation tick=0 box="world" view="population_cells" key_space_size=24 occupied_groups=0 emitted_groups=0
cuda_device_grouped_observation tick=1 box="world" view="population_cells" key_space_size=24 occupied_groups=0 emitted_groups=0
cuda_device_grouped_observation tick=2 box="world" view="population_cells" key_space_size=24 occupied_groups=0 emitted_groups=0
cuda_device_grouped_observation tick=0 box="world" view="population_cells" key_space_size=24 occupied_groups=0 emitted_groups=0
cuda_device_grouped_observation tick=1 box="world" view="population_cells" key_space_size=24 occupied_groups=0 emitted_groups=0
cuda_device_grouped_observation tick=2 box="world" view="population_cells" key_space_size=24 occupied_groups=0 emitted_groups=0
cuda_device_grouped_observation tick=0 box="world" view="population_cells" key_space_size=24 occupied_groups=0 emitted_groups=0
cuda_device_grouped_observation tick=1 box="world" view="population_cells" key_space_size=24 occupied_groups=0 emitted_groups=0
cuda_device_grouped_observation tick=2 box="world" view="population_cells" key_space_size=24 occupied_groups=0 emitted_groups=0
cuda_device_grouped_observation tick=0 box="world" view="population_cells" key_space_size=408 occupied_groups=136 emitted_groups=136
cuda_device_grouped_observation tick=1 box="world" view="population_cells" key_space_size=408 occupied_groups=136 emitted_groups=136
cuda_device_grouped_observation tick=2 box="world" view="population_cells" key_space_size=408 occupied_groups=131 emitted_groups=131
cuda_device_grouped_observation tick=0 box="world" view="population_cells" key_space_size=408 occupied_groups=136 emitted_groups=136
cuda_device_grouped_observation tick=1 box="world" view="population_cells" key_space_size=408 occupied_groups=136 emitted_groups=136
cuda_device_grouped_observation tick=2 box="world" view="population_cells" key_space_size=408 occupied_groups=131 emitted_groups=131
cuda_device_grouped_observation tick=0 box="world" view="population_cells" key_space_size=408 occupied_groups=136 emitted_groups=136
cuda_device_grouped_observation tick=1 box="world" view="population_cells" key_space_size=408 occupied_groups=136 emitted_groups=136
cuda_device_grouped_observation tick=2 box="world" view="population_cells" key_space_size=408 occupied_groups=131 emitted_groups=131
cuda_device_grouped_observation tick=0 box="world" view="population_cells" key_space_size=4152 occupied_groups=551 emitted_groups=551
cuda_device_grouped_observation tick=1 box="world" view="population_cells" key_space_size=4152 occupied_groups=432 emitted_groups=432
cuda_device_grouped_observation tick=2 box="world" view="population_cells" key_space_size=4152 occupied_groups=359 emitted_groups=359
cuda_device_grouped_observation tick=0 box="world" view="population_cells" key_space_size=4152 occupied_groups=551 emitted_groups=551
cuda_device_grouped_observation tick=1 box="world" view="population_cells" key_space_size=4152 occupied_groups=432 emitted_groups=432
cuda_device_grouped_observation tick=2 box="world" view="population_cells" key_space_size=4152 occupied_groups=359 emitted_groups=359
cuda_device_grouped_observation tick=0 box="world" view="population_cells" key_space_size=4152 occupied_groups=551 emitted_groups=551
cuda_device_grouped_observation tick=1 box="world" view="population_cells" key_space_size=4152 occupied_groups=432 emitted_groups=432
cuda_device_grouped_observation tick=2 box="world" view="population_cells" key_space_size=4152 occupied_groups=359 emitted_groups=359
ok
test backend::sweep_capacity_tests::sparse_resource_reports_match_cpu_across_ticks_and_reset ... ok

test result: ok. 4 passed; 0 failed; 0 ignored; 0 measured; 41 filtered out; finished in 4.32s

========= ERROR SUMMARY: 0 errors
6a241f305dd9600dbea3224a8f2ab882d0f0135ffd6210c153eac94c9df2891b  provenance.txt
9bf57af4a5e2aa5a174cc9a1435318706dbb65e742cd9bd3c304ed907792f731  resource-corpus.log
438cbb75fb973485d9a2e6826da4a44832c10fc28aead66b90d9de7e920ae018  optimization-corpus.log
b67b21098d6f77db6baed1fc90d85c64379978e6e103b333ca06f96e536c87cd  memcheck.log
2a75270c0dcd397188ebe60ee68468d44718330bf665fe95f36ff2dd4e891afb  diagnostic-corpus.log
7d413a7e64dfef645daae5598f8920490f7a41df84b1edacf5f4d796095840a4  tests.log
195fd0615674d8bac0312d897c7efceb79a855090c25c4f22a49a7c6c6da8a5e  demographic-corpus.log
636de2eeb017cb7e17c01855ed05bf42a4084e047c851595a8ce2a6e2c474145  demographic-grouped-corpus.log
54537257c943fb370681187f706974d0112daf0d1623bfe96059b5dc637e9aa4  corpus.log
f0b7c04d8e1a45965c37bd345578dac686e083ea0cc6e50c449b8c8d1ff46f79  plan-corpus.log
CUDA differential corpus passed; evidence: /home/ubuntu/demographic-bench/differential-corpus
Copy the recorded commit/GPU/driver/verdict/rates into the dated evidence note, then destroy remote resources.
