    Finished `release` profile [optimized] target(s) in 0.01s
     Running `target/release/sembla diff-backends --all-plan-fixtures --population 1000 --seed 7 --ticks 20 --enable grouped-observations`
cuda_device_observation eligible=true reason=all scalar and grouped views are device-eligible
cuda_device_observation_view box="world" view="population" eligible=true reason=count with a row-local filter
cuda_device_observation_view box="world" view="population_cells" eligible=true reason=grouped count with a row-local filter and exactly boundable keys
cuda_device_grouped_observation tick=0 box="world" view="population_cells" key_space_size=2000 occupied_groups=1 emitted_groups=1
cuda_device_grouped_observation tick=1 box="world" view="population_cells" key_space_size=2000 occupied_groups=1 emitted_groups=1
cuda_device_grouped_observation tick=2 box="world" view="population_cells" key_space_size=2000 occupied_groups=1 emitted_groups=1
cuda_device_grouped_observation tick=3 box="world" view="population_cells" key_space_size=2000 occupied_groups=1 emitted_groups=1
cuda_device_grouped_observation tick=4 box="world" view="population_cells" key_space_size=2000 occupied_groups=1 emitted_groups=1
cuda_device_grouped_observation tick=5 box="world" view="population_cells" key_space_size=2000 occupied_groups=1 emitted_groups=1
cuda_device_grouped_observation tick=6 box="world" view="population_cells" key_space_size=2000 occupied_groups=1 emitted_groups=1
cuda_device_grouped_observation tick=7 box="world" view="population_cells" key_space_size=2000 occupied_groups=1 emitted_groups=1
cuda_device_grouped_observation tick=8 box="world" view="population_cells" key_space_size=2000 occupied_groups=1 emitted_groups=1
cuda_device_grouped_observation tick=9 box="world" view="population_cells" key_space_size=2000 occupied_groups=1 emitted_groups=1
cuda_device_grouped_observation tick=10 box="world" view="population_cells" key_space_size=2000 occupied_groups=1 emitted_groups=1
cuda_device_grouped_observation tick=11 box="world" view="population_cells" key_space_size=2000 occupied_groups=1 emitted_groups=1
cuda_device_grouped_observation tick=12 box="world" view="population_cells" key_space_size=2000 occupied_groups=1 emitted_groups=1
cuda_device_grouped_observation tick=13 box="world" view="population_cells" key_space_size=2000 occupied_groups=1 emitted_groups=1
cuda_device_grouped_observation tick=14 box="world" view="population_cells" key_space_size=2000 occupied_groups=1 emitted_groups=1
cuda_device_grouped_observation tick=15 box="world" view="population_cells" key_space_size=2000 occupied_groups=1 emitted_groups=1
cuda_device_grouped_observation tick=16 box="world" view="population_cells" key_space_size=2000 occupied_groups=1 emitted_groups=1
cuda_device_grouped_observation tick=17 box="world" view="population_cells" key_space_size=2000 occupied_groups=1 emitted_groups=1
cuda_device_grouped_observation tick=18 box="world" view="population_cells" key_space_size=2000 occupied_groups=1 emitted_groups=1
cuda_device_grouped_observation tick=19 box="world" view="population_cells" key_space_size=2000 occupied_groups=1 emitted_groups=1
model=fixtures/plans/grouped_observation.plan.json verdict=equal cpu_ticks_per_sec=17800.658 cuda_ticks_per_sec=238.746
cuda_device_observation eligible=true reason=all scalar and grouped views are device-eligible
cuda_device_observation_view box="population" view="I" eligible=true reason=count with a row-local filter
cuda_device_observation_view box="population" view="R" eligible=true reason=count with a row-local filter
cuda_device_observation_view box="population" view="S" eligible=true reason=count with a row-local filter
model=fixtures/plans/linked/epidemic_policy.plan.json verdict=equal cpu_ticks_per_sec=36393.148 cuda_ticks_per_sec=215.024
cuda_device_observation eligible=true reason=all scalar and grouped views are device-eligible
cuda_device_observation_view box="population" view="I" eligible=true reason=count with a row-local filter
cuda_device_observation_view box="population" view="R" eligible=true reason=count with a row-local filter
cuda_device_observation_view box="population" view="S" eligible=true reason=count with a row-local filter
model=fixtures/plans/linked/independent_epidemic_policy.plan.json verdict=equal cpu_ticks_per_sec=37750.451 cuda_ticks_per_sec=229.628
cuda_device_observation eligible=true reason=all scalar and grouped views are device-eligible
cuda_device_observation_view box="pong" view="seen_yes" eligible=true reason=count with a row-local filter
model=fixtures/plans/linked/ping_pong.plan.json verdict=equal cpu_ticks_per_sec=147323.139 cuda_ticks_per_sec=251.595
cuda_device_observation eligible=true reason=all scalar and grouped views are device-eligible
cuda_device_observation_view box="epidemic/population" view="I" eligible=true reason=count with a row-local filter
cuda_device_observation_view box="epidemic/population" view="R" eligible=true reason=count with a row-local filter
cuda_device_observation_view box="epidemic/population" view="S" eligible=true reason=count with a row-local filter
model=fixtures/plans/linked/regional_response.plan.json verdict=equal cpu_ticks_per_sec=35713.010 cuda_ticks_per_sec=208.918
cuda_device_observation eligible=true reason=all scalar and grouped views are device-eligible
cuda_device_observation_view box="population" view="I" eligible=true reason=count with a row-local filter
cuda_device_observation_view box="population" view="R" eligible=true reason=count with a row-local filter
cuda_device_observation_view box="population" view="S" eligible=true reason=count with a row-local filter
model=fixtures/plans/linked/solo_population.plan.json verdict=equal cpu_ticks_per_sec=41309.938 cuda_ticks_per_sec=237.316
cuda_device_observation eligible=true reason=all scalar and grouped views are device-eligible
cuda_device_observation_view box="north/population" view="I" eligible=true reason=count with a row-local filter
cuda_device_observation_view box="north/population" view="R" eligible=true reason=count with a row-local filter
cuda_device_observation_view box="north/population" view="S" eligible=true reason=count with a row-local filter
cuda_device_observation_view box="south/population" view="I" eligible=true reason=count with a row-local filter
cuda_device_observation_view box="south/population" view="R" eligible=true reason=count with a row-local filter
cuda_device_observation_view box="south/population" view="S" eligible=true reason=count with a row-local filter
model=fixtures/plans/linked/two_independent_regions.plan.json verdict=equal cpu_ticks_per_sec=19480.703 cuda_ticks_per_sec=199.848
cuda_device_observation eligible=true reason=all scalar and grouped views are device-eligible
cuda_device_observation_view box="north/population" view="I" eligible=true reason=count with a row-local filter
cuda_device_observation_view box="north/population" view="R" eligible=true reason=count with a row-local filter
cuda_device_observation_view box="north/population" view="S" eligible=true reason=count with a row-local filter
cuda_device_observation_view box="south/population" view="I" eligible=true reason=count with a row-local filter
cuda_device_observation_view box="south/population" view="R" eligible=true reason=count with a row-local filter
cuda_device_observation_view box="south/population" view="S" eligible=true reason=count with a row-local filter
model=fixtures/plans/linked/two_regions.plan.json verdict=equal cpu_ticks_per_sec=18862.622 cuda_ticks_per_sec=176.354
cuda_device_observation eligible=true reason=all scalar and grouped views are device-eligible
cuda_device_observation_view box="wpong/pong" view="seen_yes" eligible=true reason=count with a row-local filter
model=fixtures/plans/linked/wrapped_ping_pong.plan.json verdict=equal cpu_ticks_per_sec=155831.204 cuda_ticks_per_sec=249.325
cuda_device_observation eligible=false reason=at least one view requires host observation
cuda_device_observation_view box="population" view="active_count" eligible=true reason=count with a row-local filter
cuda_device_observation_view box="population" view="maximum_value" eligible=false reason=value is not a row-local infallible Int expression; Real extrema retain host NaN ordering
cuda_device_observation_view box="population" view="minimum_visits" eligible=true reason=Int min/max with row-local filter and value
cuda_device_observation_view box="population" view="total_value" eligible=false reason=Sum preserves host order for Real and host overflow association for Int
model=fixtures/plans/observations.plan.json verdict=equal cpu_ticks_per_sec=41855.452 cuda_ticks_per_sec=251.425
cuda_device_observation eligible=true reason=all scalar and grouped views are device-eligible
cuda_device_observation_view box="sir" view="I" eligible=true reason=count with a row-local filter
cuda_device_observation_view box="sir" view="R" eligible=true reason=count with a row-local filter
cuda_device_observation_view box="sir" view="S" eligible=true reason=count with a row-local filter
model=fixtures/plans/sir.plan.json verdict=equal cpu_ticks_per_sec=44262.966 cuda_ticks_per_sec=237.579
cuda_device_observation eligible=true reason=all scalar and grouped views are device-eligible
cuda_device_observation_view box="population" view="I" eligible=true reason=count with a row-local filter
cuda_device_observation_view box="population" view="R" eligible=true reason=count with a row-local filter
cuda_device_observation_view box="population" view="S" eligible=true reason=count with a row-local filter
model=fixtures/plans/sir_policy.plan.json verdict=equal cpu_ticks_per_sec=29.264 cuda_ticks_per_sec=1.730
cuda_device_observation eligible=false reason=no declared views; legacy state reporting requires host state
model=fixtures/plans/two_box.plan.json verdict=equal cpu_ticks_per_sec=141448.718 cuda_ticks_per_sec=254.310
cuda_device_observation eligible=false reason=no declared views; legacy state reporting requires host state
model=fixtures/plans/two_box_plus_sibling.plan.json verdict=equal cpu_ticks_per_sec=105838.586 cuda_ticks_per_sec=250.813
corpus_verdict=equal models=14
