    Finished `release` profile [optimized] target(s) in 0.01s
     Running `target/release/sembla diff-backends fixtures/demographic/demographic_slots.json --population fixtures/state/demographic_slots.state --seed 7 --ticks 20 --enable grouped-observations`
cuda_device_observation eligible=true reason=all scalar and grouped views are device-eligible
cuda_device_observation_view box="demographic" view="population" eligible=true reason=count with a row-local filter
cuda_device_observation_view box="demographic" view="invalid_age" eligible=true reason=count with a row-local filter
cuda_device_observation_view box="demographic" view="males" eligible=true reason=count with a row-local filter
cuda_device_observation_view box="demographic" view="females" eligible=true reason=count with a row-local filter
cuda_device_observation_view box="demographic" view="age_00_04" eligible=true reason=count with a row-local filter
cuda_device_observation_view box="demographic" view="age_20_24" eligible=true reason=count with a row-local filter
cuda_device_observation_view box="demographic" view="age_65_69" eligible=true reason=count with a row-local filter
cuda_device_observation_view box="demographic" view="age_85_plus" eligible=true reason=count with a row-local filter
cuda_device_observation_view box="demographic" view="births_this_tick" eligible=true reason=count with a row-local filter
cuda_device_observation_view box="demographic" view="deaths_this_tick" eligible=true reason=count with a row-local filter
cuda_device_observation_view box="demographic" view="overseas_arrivals_this_tick" eligible=true reason=count with a row-local filter
cuda_device_observation_view box="demographic" view="overseas_departures_this_tick" eligible=true reason=count with a row-local filter
cuda_device_observation_view box="demographic" view="internal_arrivals_this_tick" eligible=true reason=count with a row-local filter
cuda_device_observation_view box="demographic" view="internal_departures_this_tick" eligible=true reason=count with a row-local filter
cuda_device_observation_view box="demographic" view="locked_out" eligible=true reason=count with a row-local filter
cuda_device_observation_view box="demographic" view="vacant_birth_slots" eligible=true reason=count with a row-local filter
cuda_device_observation_view box="demographic" view="vacant_overseas_slots" eligible=true reason=count with a row-local filter
cuda_device_observation_view box="demographic" view="vacant_internal_slots" eligible=true reason=count with a row-local filter
cuda_device_observation_view box="demographic" view="max_generation" eligible=true reason=Int min/max with row-local filter and value
cuda_device_observation_view box="demographic" view="population_cells" eligible=true reason=grouped count with a row-local filter and exactly boundable keys
cuda_device_observation_view box="demographic" view="deaths_cells" eligible=true reason=grouped count with a row-local filter and exactly boundable keys
cuda_device_observation_view box="demographic" view="vacancy_cells" eligible=true reason=grouped count with a row-local filter and exactly boundable keys
cuda_device_grouped_observation tick=0 box="demographic" view="population_cells" key_space_size=152 occupied_groups=76 emitted_groups=76
cuda_device_grouped_observation tick=0 box="demographic" view="deaths_cells" key_space_size=36 occupied_groups=15 emitted_groups=15
cuda_device_grouped_observation tick=0 box="demographic" view="vacancy_cells" key_space_size=12 occupied_groups=12 emitted_groups=12
cuda_device_grouped_observation tick=1 box="demographic" view="population_cells" key_space_size=160 occupied_groups=78 emitted_groups=78
cuda_device_grouped_observation tick=1 box="demographic" view="deaths_cells" key_space_size=40 occupied_groups=13 emitted_groups=13
cuda_device_grouped_observation tick=1 box="demographic" view="vacancy_cells" key_space_size=12 occupied_groups=12 emitted_groups=12
cuda_device_grouped_observation tick=2 box="demographic" view="population_cells" key_space_size=160 occupied_groups=78 emitted_groups=78
cuda_device_grouped_observation tick=2 box="demographic" view="deaths_cells" key_space_size=40 occupied_groups=10 emitted_groups=10
cuda_device_grouped_observation tick=2 box="demographic" view="vacancy_cells" key_space_size=12 occupied_groups=12 emitted_groups=12
cuda_device_grouped_observation tick=3 box="demographic" view="population_cells" key_space_size=160 occupied_groups=79 emitted_groups=79
cuda_device_grouped_observation tick=3 box="demographic" view="deaths_cells" key_space_size=40 occupied_groups=17 emitted_groups=17
cuda_device_grouped_observation tick=3 box="demographic" view="vacancy_cells" key_space_size=12 occupied_groups=12 emitted_groups=12
cuda_device_grouped_observation tick=4 box="demographic" view="population_cells" key_space_size=160 occupied_groups=79 emitted_groups=79
cuda_device_grouped_observation tick=4 box="demographic" view="deaths_cells" key_space_size=40 occupied_groups=12 emitted_groups=12
cuda_device_grouped_observation tick=4 box="demographic" view="vacancy_cells" key_space_size=12 occupied_groups=12 emitted_groups=12
cuda_device_grouped_observation tick=5 box="demographic" view="population_cells" key_space_size=160 occupied_groups=79 emitted_groups=79
cuda_device_grouped_observation tick=5 box="demographic" view="deaths_cells" key_space_size=40 occupied_groups=14 emitted_groups=14
cuda_device_grouped_observation tick=5 box="demographic" view="vacancy_cells" key_space_size=12 occupied_groups=12 emitted_groups=12
cuda_device_grouped_observation tick=6 box="demographic" view="population_cells" key_space_size=160 occupied_groups=79 emitted_groups=79
cuda_device_grouped_observation tick=6 box="demographic" view="deaths_cells" key_space_size=40 occupied_groups=13 emitted_groups=13
cuda_device_grouped_observation tick=6 box="demographic" view="vacancy_cells" key_space_size=12 occupied_groups=12 emitted_groups=12
cuda_device_grouped_observation tick=7 box="demographic" view="population_cells" key_space_size=160 occupied_groups=80 emitted_groups=80
cuda_device_grouped_observation tick=7 box="demographic" view="deaths_cells" key_space_size=40 occupied_groups=12 emitted_groups=12
cuda_device_grouped_observation tick=7 box="demographic" view="vacancy_cells" key_space_size=12 occupied_groups=12 emitted_groups=12
cuda_device_grouped_observation tick=8 box="demographic" view="population_cells" key_space_size=160 occupied_groups=80 emitted_groups=80
cuda_device_grouped_observation tick=8 box="demographic" view="deaths_cells" key_space_size=40 occupied_groups=12 emitted_groups=12
cuda_device_grouped_observation tick=8 box="demographic" view="vacancy_cells" key_space_size=12 occupied_groups=12 emitted_groups=12
cuda_device_grouped_observation tick=9 box="demographic" view="population_cells" key_space_size=160 occupied_groups=80 emitted_groups=80
cuda_device_grouped_observation tick=9 box="demographic" view="deaths_cells" key_space_size=40 occupied_groups=10 emitted_groups=10
cuda_device_grouped_observation tick=9 box="demographic" view="vacancy_cells" key_space_size=12 occupied_groups=12 emitted_groups=12
cuda_device_grouped_observation tick=10 box="demographic" view="population_cells" key_space_size=160 occupied_groups=80 emitted_groups=80
cuda_device_grouped_observation tick=10 box="demographic" view="deaths_cells" key_space_size=40 occupied_groups=15 emitted_groups=15
cuda_device_grouped_observation tick=10 box="demographic" view="vacancy_cells" key_space_size=12 occupied_groups=12 emitted_groups=12
cuda_device_grouped_observation tick=11 box="demographic" view="population_cells" key_space_size=160 occupied_groups=80 emitted_groups=80
cuda_device_grouped_observation tick=11 box="demographic" view="deaths_cells" key_space_size=40 occupied_groups=9 emitted_groups=9
cuda_device_grouped_observation tick=11 box="demographic" view="vacancy_cells" key_space_size=12 occupied_groups=12 emitted_groups=12
cuda_device_grouped_observation tick=12 box="demographic" view="population_cells" key_space_size=160 occupied_groups=80 emitted_groups=80
cuda_device_grouped_observation tick=12 box="demographic" view="deaths_cells" key_space_size=40 occupied_groups=15 emitted_groups=15
cuda_device_grouped_observation tick=12 box="demographic" view="vacancy_cells" key_space_size=12 occupied_groups=12 emitted_groups=12
cuda_device_grouped_observation tick=13 box="demographic" view="population_cells" key_space_size=160 occupied_groups=80 emitted_groups=80
cuda_device_grouped_observation tick=13 box="demographic" view="deaths_cells" key_space_size=40 occupied_groups=11 emitted_groups=11
cuda_device_grouped_observation tick=13 box="demographic" view="vacancy_cells" key_space_size=12 occupied_groups=12 emitted_groups=12
cuda_device_grouped_observation tick=14 box="demographic" view="population_cells" key_space_size=160 occupied_groups=80 emitted_groups=80
cuda_device_grouped_observation tick=14 box="demographic" view="deaths_cells" key_space_size=40 occupied_groups=6 emitted_groups=6
cuda_device_grouped_observation tick=14 box="demographic" view="vacancy_cells" key_space_size=12 occupied_groups=12 emitted_groups=12
cuda_device_grouped_observation tick=15 box="demographic" view="population_cells" key_space_size=160 occupied_groups=80 emitted_groups=80
cuda_device_grouped_observation tick=15 box="demographic" view="deaths_cells" key_space_size=40 occupied_groups=12 emitted_groups=12
cuda_device_grouped_observation tick=15 box="demographic" view="vacancy_cells" key_space_size=12 occupied_groups=12 emitted_groups=12
cuda_device_grouped_observation tick=16 box="demographic" view="population_cells" key_space_size=160 occupied_groups=80 emitted_groups=80
cuda_device_grouped_observation tick=16 box="demographic" view="deaths_cells" key_space_size=40 occupied_groups=8 emitted_groups=8
cuda_device_grouped_observation tick=16 box="demographic" view="vacancy_cells" key_space_size=12 occupied_groups=12 emitted_groups=12
cuda_device_grouped_observation tick=17 box="demographic" view="population_cells" key_space_size=160 occupied_groups=80 emitted_groups=80
cuda_device_grouped_observation tick=17 box="demographic" view="deaths_cells" key_space_size=40 occupied_groups=13 emitted_groups=13
cuda_device_grouped_observation tick=17 box="demographic" view="vacancy_cells" key_space_size=12 occupied_groups=12 emitted_groups=12
cuda_device_grouped_observation tick=18 box="demographic" view="population_cells" key_space_size=160 occupied_groups=80 emitted_groups=80
cuda_device_grouped_observation tick=18 box="demographic" view="deaths_cells" key_space_size=40 occupied_groups=7 emitted_groups=7
cuda_device_grouped_observation tick=18 box="demographic" view="vacancy_cells" key_space_size=12 occupied_groups=12 emitted_groups=12
cuda_device_grouped_observation tick=19 box="demographic" view="population_cells" key_space_size=160 occupied_groups=80 emitted_groups=80
cuda_device_grouped_observation tick=19 box="demographic" view="deaths_cells" key_space_size=40 occupied_groups=15 emitted_groups=15
cuda_device_grouped_observation tick=19 box="demographic" view="vacancy_cells" key_space_size=12 occupied_groups=12 emitted_groups=12
model=fixtures/demographic/demographic_slots.json verdict=equal cpu_ticks_per_sec=582.268 cuda_ticks_per_sec=200.969
