commit=f84bb05b4d7d3c9fb4d6ce829570569ab42ac408
utc=2026-09-06T06-19-02Z
driver=570.195.03
gpu=NVIDIA H100 PCIe
correctness_hardware=any CUDA-capable NVIDIA GPU
performance_hardware=verified full-rate FP64 required
    Finished `release` profile [optimized] target(s) in 0.01s
     Running unittests src/lib.rs (target/release/deps/sembla_cuda-6b75d9e03b236814)

running 1 test

running 0 tests

test result: ok. 0 passed; 0 failed; 0 ignored; 0 measured; 44 filtered out; finished in 0.00s

test backend::diagnostic_equality_hardware::negative_corpus_matches_cpu_status_under_four_geometries ... ok

test result: ok. 1 passed; 0 failed; 0 ignored; 0 measured; 43 filtered out; finished in 0.10s

    Finished `release` profile [optimized] target(s) in 0.01s
     Running unittests src/lib.rs (target/release/deps/sembla_cuda-6b75d9e03b236814)

running 1 test
test backend::sweep_capacity_tests::sparse_resource_reports_match_cpu_across_ticks_and_reset ... ok

test result: ok. 1 passed; 0 failed; 0 ignored; 0 measured; 43 filtered out; finished in 0.71s

    Finished `release` profile [optimized] target(s) in 0.01s
     Running unittests src/lib.rs (target/release/deps/sembla_cuda-6b75d9e03b236814)

running 1 test
cuda_device_grouped_observation tick=0 box="world" view="population_cells" key_space_size=0 occupied_groups=0 emitted_groups=0
cuda_device_grouped_observation tick=1 box="world" view="population_cells" key_space_size=0 occupied_groups=0 emitted_groups=0
cuda_device_grouped_observation tick=2 box="world" view="population_cells" key_space_size=0 occupied_groups=0 emitted_groups=0
cuda_device_grouped_observation tick=0 box="world" view="population_cells" key_space_size=0 occupied_groups=0 emitted_groups=0
cuda_device_grouped_observation tick=1 box="world" view="population_cells" key_space_size=0 occupied_groups=0 emitted_groups=0
cuda_device_grouped_observation tick=2 box="world" view="population_cells" key_space_size=0 occupied_groups=0 emitted_groups=0
cuda_device_grouped_observation tick=0 box="world" view="population_cells" key_space_size=0 occupied_groups=0 emitted_groups=0
cuda_device_grouped_observation tick=1 box="world" view="population_cells" key_space_size=0 occupied_groups=0 emitted_groups=0
cuda_device_grouped_observation tick=2 box="world" view="population_cells" key_space_size=0 occupied_groups=0 emitted_groups=0
cuda_device_grouped_observation tick=0 box="world" view="population_cells" key_space_size=24 occupied_groups=0 emitted_groups=0
cuda_device_grouped_observation tick=1 box="world" view="population_cells" key_space_size=24 occupied_groups=0 emitted_groups=0
cuda_device_grouped_observation tick=2 box="world" view="population_cells" key_space_size=24 occupied_groups=0 emitted_groups=0
cuda_device_grouped_observation tick=0 box="world" view="population_cells" key_space_size=24 occupied_groups=0 emitted_groups=0
cuda_device_grouped_observation tick=1 box="world" view="population_cells" key_space_size=24 occupied_groups=0 emitted_groups=0
cuda_device_grouped_observation tick=2 box="world" view="population_cells" key_space_size=24 occupied_groups=0 emitted_groups=0
cuda_device_grouped_observation tick=0 box="world" view="population_cells" key_space_size=24 occupied_groups=0 emitted_groups=0
cuda_device_grouped_observation tick=1 box="world" view="population_cells" key_space_size=24 occupied_groups=0 emitted_groups=0
cuda_device_grouped_observation tick=2 box="world" view="population_cells" key_space_size=24 occupied_groups=0 emitted_groups=0
cuda_device_grouped_observation tick=0 box="world" view="population_cells" key_space_size=408 occupied_groups=136 emitted_groups=136
cuda_device_grouped_observation tick=1 box="world" view="population_cells" key_space_size=408 occupied_groups=136 emitted_groups=136
cuda_device_grouped_observation tick=2 box="world" view="population_cells" key_space_size=408 occupied_groups=131 emitted_groups=131
cuda_device_grouped_observation tick=0 box="world" view="population_cells" key_space_size=408 occupied_groups=136 emitted_groups=136
cuda_device_grouped_observation tick=1 box="world" view="population_cells" key_space_size=408 occupied_groups=136 emitted_groups=136
cuda_device_grouped_observation tick=2 box="world" view="population_cells" key_space_size=408 occupied_groups=131 emitted_groups=131
cuda_device_grouped_observation tick=0 box="world" view="population_cells" key_space_size=408 occupied_groups=136 emitted_groups=136
cuda_device_grouped_observation tick=1 box="world" view="population_cells" key_space_size=408 occupied_groups=136 emitted_groups=136
cuda_device_grouped_observation tick=2 box="world" view="population_cells" key_space_size=408 occupied_groups=131 emitted_groups=131
cuda_device_grouped_observation tick=0 box="world" view="population_cells" key_space_size=4152 occupied_groups=551 emitted_groups=551
cuda_device_grouped_observation tick=1 box="world" view="population_cells" key_space_size=4152 occupied_groups=432 emitted_groups=432
cuda_device_grouped_observation tick=2 box="world" view="population_cells" key_space_size=4152 occupied_groups=359 emitted_groups=359
cuda_device_grouped_observation tick=0 box="world" view="population_cells" key_space_size=4152 occupied_groups=551 emitted_groups=551
cuda_device_grouped_observation tick=1 box="world" view="population_cells" key_space_size=4152 occupied_groups=432 emitted_groups=432
cuda_device_grouped_observation tick=2 box="world" view="population_cells" key_space_size=4152 occupied_groups=359 emitted_groups=359
cuda_device_grouped_observation tick=0 box="world" view="population_cells" key_space_size=4152 occupied_groups=551 emitted_groups=551
cuda_device_grouped_observation tick=1 box="world" view="population_cells" key_space_size=4152 occupied_groups=432 emitted_groups=432
cuda_device_grouped_observation tick=2 box="world" view="population_cells" key_space_size=4152 occupied_groups=359 emitted_groups=359
test backend::optimization_hardware_tests::optimized_reductions_match_cpu_for_group_sizes_and_fused_resets ... ok

test result: ok. 1 passed; 0 failed; 0 ignored; 0 measured; 43 filtered out; finished in 2.24s

    Finished `release` profile [optimized] target(s) in 0.01s
     Running `target/release/sembla diff-backends fixtures/demographic/benchmark/demographic_slots.no-grouped.json --population 1000 --seed 7 --ticks 20`
cuda_device_observation eligible=true reason=all scalar and grouped views are device-eligible
cuda_device_observation_view box="demographic" view="population" eligible=true reason=count with a row-local filter
cuda_device_observation_view box="demographic" view="invalid_age" eligible=true reason=count with a row-local filter
cuda_device_observation_view box="demographic" view="males" eligible=true reason=count with a row-local filter
cuda_device_observation_view box="demographic" view="females" eligible=true reason=count with a row-local filter
cuda_device_observation_view box="demographic" view="age_00_04" eligible=true reason=count with a row-local filter
cuda_device_observation_view box="demographic" view="age_20_24" eligible=true reason=count with a row-local filter
cuda_device_observation_view box="demographic" view="age_65_69" eligible=true reason=count with a row-local filter
cuda_device_observation_view box="demographic" view="age_85_plus" eligible=true reason=count with a row-local filter
cuda_device_observation_view box="demographic" view="births_this_tick" eligible=true reason=count with a row-local filter
cuda_device_observation_view box="demographic" view="deaths_this_tick" eligible=true reason=count with a row-local filter
cuda_device_observation_view box="demographic" view="overseas_arrivals_this_tick" eligible=true reason=count with a row-local filter
cuda_device_observation_view box="demographic" view="overseas_departures_this_tick" eligible=true reason=count with a row-local filter
cuda_device_observation_view box="demographic" view="internal_arrivals_this_tick" eligible=true reason=count with a row-local filter
cuda_device_observation_view box="demographic" view="internal_departures_this_tick" eligible=true reason=count with a row-local filter
cuda_device_observation_view box="demographic" view="locked_out" eligible=true reason=count with a row-local filter
cuda_device_observation_view box="demographic" view="vacant_birth_slots" eligible=true reason=count with a row-local filter
cuda_device_observation_view box="demographic" view="vacant_overseas_slots" eligible=true reason=count with a row-local filter
cuda_device_observation_view box="demographic" view="vacant_internal_slots" eligible=true reason=count with a row-local filter
cuda_device_observation_view box="demographic" view="max_generation" eligible=true reason=Int min/max with row-local filter and value
model=fixtures/demographic/benchmark/demographic_slots.no-grouped.json verdict=equal cpu_ticks_per_sec=4246.624 cuda_ticks_per_sec=249.870
    Finished `release` profile [optimized] target(s) in 0.01s
     Running `target/release/sembla diff-backends fixtures/demographic/demographic_slots.json --population fixtures/state/demographic_slots.state --seed 7 --ticks 20 --enable grouped-observations`
cuda_device_observation eligible=true reason=all scalar and grouped views are device-eligible
cuda_device_observation_view box="demographic" view="population" eligible=true reason=count with a row-local filter
cuda_device_observation_view box="demographic" view="invalid_age" eligible=true reason=count with a row-local filter
cuda_device_observation_view box="demographic" view="males" eligible=true reason=count with a row-local filter
cuda_device_observation_view box="demographic" view="females" eligible=true reason=count with a row-local filter
cuda_device_observation_view box="demographic" view="age_00_04" eligible=true reason=count with a row-local filter
cuda_device_observation_view box="demographic" view="age_20_24" eligible=true reason=count with a row-local filter
cuda_device_observation_view box="demographic" view="age_65_69" eligible=true reason=count with a row-local filter
cuda_device_observation_view box="demographic" view="age_85_plus" eligible=true reason=count with a row-local filter
cuda_device_observation_view box="demographic" view="births_this_tick" eligible=true reason=count with a row-local filter
cuda_device_observation_view box="demographic" view="deaths_this_tick" eligible=true reason=count with a row-local filter
cuda_device_observation_view box="demographic" view="overseas_arrivals_this_tick" eligible=true reason=count with a row-local filter
cuda_device_observation_view box="demographic" view="overseas_departures_this_tick" eligible=true reason=count with a row-local filter
cuda_device_observation_view box="demographic" view="internal_arrivals_this_tick" eligible=true reason=count with a row-local filter
cuda_device_observation_view box="demographic" view="internal_departures_this_tick" eligible=true reason=count with a row-local filter
cuda_device_observation_view box="demographic" view="locked_out" eligible=true reason=count with a row-local filter
cuda_device_observation_view box="demographic" view="vacant_birth_slots" eligible=true reason=count with a row-local filter
cuda_device_observation_view box="demographic" view="vacant_overseas_slots" eligible=true reason=count with a row-local filter
cuda_device_observation_view box="demographic" view="vacant_internal_slots" eligible=true reason=count with a row-local filter
cuda_device_observation_view box="demographic" view="max_generation" eligible=true reason=Int min/max with row-local filter and value
cuda_device_observation_view box="demographic" view="population_cells" eligible=true reason=grouped count with a row-local filter and exactly boundable keys
cuda_device_observation_view box="demographic" view="deaths_cells" eligible=true reason=grouped count with a row-local filter and exactly boundable keys
cuda_device_observation_view box="demographic" view="vacancy_cells" eligible=true reason=grouped count with a row-local filter and exactly boundable keys
cuda_device_grouped_observation tick=0 box="demographic" view="population_cells" key_space_size=152 occupied_groups=76 emitted_groups=76
cuda_device_grouped_observation tick=0 box="demographic" view="deaths_cells" key_space_size=36 occupied_groups=15 emitted_groups=15
cuda_device_grouped_observation tick=0 box="demographic" view="vacancy_cells" key_space_size=12 occupied_groups=12 emitted_groups=12
cuda_device_grouped_observation tick=1 box="demographic" view="population_cells" key_space_size=160 occupied_groups=78 emitted_groups=78
cuda_device_grouped_observation tick=1 box="demographic" view="deaths_cells" key_space_size=40 occupied_groups=13 emitted_groups=13
cuda_device_grouped_observation tick=1 box="demographic" view="vacancy_cells" key_space_size=12 occupied_groups=12 emitted_groups=12
cuda_device_grouped_observation tick=2 box="demographic" view="population_cells" key_space_size=160 occupied_groups=78 emitted_groups=78
cuda_device_grouped_observation tick=2 box="demographic" view="deaths_cells" key_space_size=40 occupied_groups=10 emitted_groups=10
cuda_device_grouped_observation tick=2 box="demographic" view="vacancy_cells" key_space_size=12 occupied_groups=12 emitted_groups=12
cuda_device_grouped_observation tick=3 box="demographic" view="population_cells" key_space_size=160 occupied_groups=79 emitted_groups=79
cuda_device_grouped_observation tick=3 box="demographic" view="deaths_cells" key_space_size=40 occupied_groups=17 emitted_groups=17
cuda_device_grouped_observation tick=3 box="demographic" view="vacancy_cells" key_space_size=12 occupied_groups=12 emitted_groups=12
cuda_device_grouped_observation tick=4 box="demographic" view="population_cells" key_space_size=160 occupied_groups=79 emitted_groups=79
cuda_device_grouped_observation tick=4 box="demographic" view="deaths_cells" key_space_size=40 occupied_groups=12 emitted_groups=12
cuda_device_grouped_observation tick=4 box="demographic" view="vacancy_cells" key_space_size=12 occupied_groups=12 emitted_groups=12
cuda_device_grouped_observation tick=5 box="demographic" view="population_cells" key_space_size=160 occupied_groups=79 emitted_groups=79
cuda_device_grouped_observation tick=5 box="demographic" view="deaths_cells" key_space_size=40 occupied_groups=14 emitted_groups=14
cuda_device_grouped_observation tick=5 box="demographic" view="vacancy_cells" key_space_size=12 occupied_groups=12 emitted_groups=12
cuda_device_grouped_observation tick=6 box="demographic" view="population_cells" key_space_size=160 occupied_groups=79 emitted_groups=79
cuda_device_grouped_observation tick=6 box="demographic" view="deaths_cells" key_space_size=40 occupied_groups=13 emitted_groups=13
cuda_device_grouped_observation tick=6 box="demographic" view="vacancy_cells" key_space_size=12 occupied_groups=12 emitted_groups=12
cuda_device_grouped_observation tick=7 box="demographic" view="population_cells" key_space_size=160 occupied_groups=80 emitted_groups=80
cuda_device_grouped_observation tick=7 box="demographic" view="deaths_cells" key_space_size=40 occupied_groups=12 emitted_groups=12
cuda_device_grouped_observation tick=7 box="demographic" view="vacancy_cells" key_space_size=12 occupied_groups=12 emitted_groups=12
cuda_device_grouped_observation tick=8 box="demographic" view="population_cells" key_space_size=160 occupied_groups=80 emitted_groups=80
cuda_device_grouped_observation tick=8 box="demographic" view="deaths_cells" key_space_size=40 occupied_groups=12 emitted_groups=12
cuda_device_grouped_observation tick=8 box="demographic" view="vacancy_cells" key_space_size=12 occupied_groups=12 emitted_groups=12
cuda_device_grouped_observation tick=9 box="demographic" view="population_cells" key_space_size=160 occupied_groups=80 emitted_groups=80
cuda_device_grouped_observation tick=9 box="demographic" view="deaths_cells" key_space_size=40 occupied_groups=10 emitted_groups=10
cuda_device_grouped_observation tick=9 box="demographic" view="vacancy_cells" key_space_size=12 occupied_groups=12 emitted_groups=12
cuda_device_grouped_observation tick=10 box="demographic" view="population_cells" key_space_size=160 occupied_groups=80 emitted_groups=80
cuda_device_grouped_observation tick=10 box="demographic" view="deaths_cells" key_space_size=40 occupied_groups=15 emitted_groups=15
cuda_device_grouped_observation tick=10 box="demographic" view="vacancy_cells" key_space_size=12 occupied_groups=12 emitted_groups=12
cuda_device_grouped_observation tick=11 box="demographic" view="population_cells" key_space_size=160 occupied_groups=80 emitted_groups=80
cuda_device_grouped_observation tick=11 box="demographic" view="deaths_cells" key_space_size=40 occupied_groups=9 emitted_groups=9
cuda_device_grouped_observation tick=11 box="demographic" view="vacancy_cells" key_space_size=12 occupied_groups=12 emitted_groups=12
cuda_device_grouped_observation tick=12 box="demographic" view="population_cells" key_space_size=160 occupied_groups=80 emitted_groups=80
cuda_device_grouped_observation tick=12 box="demographic" view="deaths_cells" key_space_size=40 occupied_groups=15 emitted_groups=15
cuda_device_grouped_observation tick=12 box="demographic" view="vacancy_cells" key_space_size=12 occupied_groups=12 emitted_groups=12
cuda_device_grouped_observation tick=13 box="demographic" view="population_cells" key_space_size=160 occupied_groups=80 emitted_groups=80
cuda_device_grouped_observation tick=13 box="demographic" view="deaths_cells" key_space_size=40 occupied_groups=11 emitted_groups=11
cuda_device_grouped_observation tick=13 box="demographic" view="vacancy_cells" key_space_size=12 occupied_groups=12 emitted_groups=12
cuda_device_grouped_observation tick=14 box="demographic" view="population_cells" key_space_size=160 occupied_groups=80 emitted_groups=80
cuda_device_grouped_observation tick=14 box="demographic" view="deaths_cells" key_space_size=40 occupied_groups=6 emitted_groups=6
cuda_device_grouped_observation tick=14 box="demographic" view="vacancy_cells" key_space_size=12 occupied_groups=12 emitted_groups=12
cuda_device_grouped_observation tick=15 box="demographic" view="population_cells" key_space_size=160 occupied_groups=80 emitted_groups=80
cuda_device_grouped_observation tick=15 box="demographic" view="deaths_cells" key_space_size=40 occupied_groups=12 emitted_groups=12
cuda_device_grouped_observation tick=15 box="demographic" view="vacancy_cells" key_space_size=12 occupied_groups=12 emitted_groups=12
cuda_device_grouped_observation tick=16 box="demographic" view="population_cells" key_space_size=160 occupied_groups=80 emitted_groups=80
cuda_device_grouped_observation tick=16 box="demographic" view="deaths_cells" key_space_size=40 occupied_groups=8 emitted_groups=8
cuda_device_grouped_observation tick=16 box="demographic" view="vacancy_cells" key_space_size=12 occupied_groups=12 emitted_groups=12
cuda_device_grouped_observation tick=17 box="demographic" view="population_cells" key_space_size=160 occupied_groups=80 emitted_groups=80
cuda_device_grouped_observation tick=17 box="demographic" view="deaths_cells" key_space_size=40 occupied_groups=13 emitted_groups=13
cuda_device_grouped_observation tick=17 box="demographic" view="vacancy_cells" key_space_size=12 occupied_groups=12 emitted_groups=12
cuda_device_grouped_observation tick=18 box="demographic" view="population_cells" key_space_size=160 occupied_groups=80 emitted_groups=80
cuda_device_grouped_observation tick=18 box="demographic" view="deaths_cells" key_space_size=40 occupied_groups=7 emitted_groups=7
cuda_device_grouped_observation tick=18 box="demographic" view="vacancy_cells" key_space_size=12 occupied_groups=12 emitted_groups=12
cuda_device_grouped_observation tick=19 box="demographic" view="population_cells" key_space_size=160 occupied_groups=80 emitted_groups=80
cuda_device_grouped_observation tick=19 box="demographic" view="deaths_cells" key_space_size=40 occupied_groups=15 emitted_groups=15
cuda_device_grouped_observation tick=19 box="demographic" view="vacancy_cells" key_space_size=12 occupied_groups=12 emitted_groups=12
model=fixtures/demographic/demographic_slots.json verdict=equal cpu_ticks_per_sec=567.815 cuda_ticks_per_sec=229.338
   Compiling sembla-cli v0.3.0 (/home/ubuntu/sembla/crates/sembla-cli)
    Finished `release` profile [optimized] target(s) in 1.11s
     Running tests/gpu_differential.rs (target/release/deps/gpu_differential-f8b433bbf7a696d9)

running 9 tests
test ineligible_views_take_state_download_differential_fallback ... ok
test eligible_views_take_device_observation_differential_path ... ok
test grouped_demographic_configuration_uses_device_histograms_differentially ... ok
test cuda_manifest_verify_and_level_a_bytes_round_trip ... ok
test lockstep_nonblocking_stream_sweep_matches_sequential_cuda ... ok
test supported_free_stream_sweep_is_draw_independent_and_publishes_in_k_order ... ok
test fused_grid_y_sweep_matches_sequential_cuda_with_partial_tail ... ok
test differential_corpus_passes ... ok
test supported_composition_plan_differential_corpus_passes ... ok

test result: ok. 9 passed; 0 failed; 0 ignored; 0 measured; 1 filtered out; finished in 25.19s

    Finished `release` profile [optimized] target(s) in 0.01s
     Running `target/release/sembla diff-backends --all-examples --population 100 --seed 7 --ticks 20`
cuda_device_observation eligible=false reason=no declared views; legacy state reporting requires host state
model=examples/noisy_voter.json verdict=equal cpu_ticks_per_sec=20354.204 cuda_ticks_per_sec=261.496
cuda_device_observation eligible=false reason=at least one view requires host observation
cuda_device_observation_view box="population" view="total_value" eligible=false reason=Sum preserves host order for Real and host overflow association for Int
cuda_device_observation_view box="population" view="active_count" eligible=true reason=count with a row-local filter
cuda_device_observation_view box="population" view="minimum_visits" eligible=true reason=Int min/max with row-local filter and value
cuda_device_observation_view box="population" view="maximum_value" eligible=false reason=value is not a row-local infallible Int expression; Real extrema retain host NaN ordering
model=examples/observations.json verdict=equal cpu_ticks_per_sec=24921.311 cuda_ticks_per_sec=270.017
cuda_device_observation eligible=false reason=no declared views; legacy state reporting requires host state
model=examples/radioactive_decay_chain.json verdict=equal cpu_ticks_per_sec=23973.744 cuda_ticks_per_sec=270.084
cuda_device_observation eligible=false reason=no declared views; legacy state reporting requires host state
model=examples/reversible_ctmc.json verdict=equal cpu_ticks_per_sec=24278.621 cuda_ticks_per_sec=269.867
cuda_device_observation eligible=false reason=no declared views; legacy state reporting requires host state
model=examples/seirs_waning.json verdict=equal cpu_ticks_per_sec=21278.543 cuda_ticks_per_sec=262.305
cuda_device_observation eligible=true reason=all scalar and grouped views are device-eligible
cuda_device_observation_view box="sir" view="S" eligible=true reason=count with a row-local filter
cuda_device_observation_view box="sir" view="I" eligible=true reason=count with a row-local filter
cuda_device_observation_view box="sir" view="R" eligible=true reason=count with a row-local filter
model=examples/sir.json verdict=equal cpu_ticks_per_sec=23755.339 cuda_ticks_per_sec=258.362
cuda_device_observation eligible=true reason=all scalar and grouped views are device-eligible
cuda_device_observation_view box="population" view="S" eligible=true reason=count with a row-local filter
cuda_device_observation_view box="population" view="I" eligible=true reason=count with a row-local filter
cuda_device_observation_view box="population" view="R" eligible=true reason=count with a row-local filter
model=examples/sir_policy.json verdict=equal cpu_ticks_per_sec=28.567 cuda_ticks_per_sec=2.641
cuda_device_observation eligible=false reason=no declared views; legacy state reporting requires host state
model=examples/sis_importation.json verdict=equal cpu_ticks_per_sec=21885.310 cuda_ticks_per_sec=263.822
cuda_device_observation eligible=false reason=no declared views; legacy state reporting requires host state
model=examples/two_box.json verdict=equal cpu_ticks_per_sec=23865.779 cuda_ticks_per_sec=263.238
cuda_device_observation eligible=false reason=no declared views; legacy state reporting requires host state
model=examples/two_box_merged.json verdict=equal cpu_ticks_per_sec=18738.786 cuda_ticks_per_sec=262.691
cuda_device_observation eligible=false reason=no declared views; legacy state reporting requires host state
model=examples/two_state.json verdict=equal cpu_ticks_per_sec=24800.296 cuda_ticks_per_sec=270.155
corpus_verdict=equal models=11
    Finished `release` profile [optimized] target(s) in 0.01s
     Running `target/release/sembla diff-backends --all-plan-fixtures --population 1000 --seed 7 --ticks 20 --enable grouped-observations`
cuda_device_observation eligible=true reason=all scalar and grouped views are device-eligible
cuda_device_observation_view box="world" view="population" eligible=true reason=count with a row-local filter
cuda_device_observation_view box="world" view="population_cells" eligible=true reason=grouped count with a row-local filter and exactly boundable keys
cuda_device_grouped_observation tick=0 box="world" view="population_cells" key_space_size=2000 occupied_groups=1 emitted_groups=1
cuda_device_grouped_observation tick=1 box="world" view="population_cells" key_space_size=2000 occupied_groups=1 emitted_groups=1
cuda_device_grouped_observation tick=2 box="world" view="population_cells" key_space_size=2000 occupied_groups=1 emitted_groups=1
cuda_device_grouped_observation tick=3 box="world" view="population_cells" key_space_size=2000 occupied_groups=1 emitted_groups=1
cuda_device_grouped_observation tick=4 box="world" view="population_cells" key_space_size=2000 occupied_groups=1 emitted_groups=1
cuda_device_grouped_observation tick=5 box="world" view="population_cells" key_space_size=2000 occupied_groups=1 emitted_groups=1
cuda_device_grouped_observation tick=6 box="world" view="population_cells" key_space_size=2000 occupied_groups=1 emitted_groups=1
cuda_device_grouped_observation tick=7 box="world" view="population_cells" key_space_size=2000 occupied_groups=1 emitted_groups=1
cuda_device_grouped_observation tick=8 box="world" view="population_cells" key_space_size=2000 occupied_groups=1 emitted_groups=1
cuda_device_grouped_observation tick=9 box="world" view="population_cells" key_space_size=2000 occupied_groups=1 emitted_groups=1
cuda_device_grouped_observation tick=10 box="world" view="population_cells" key_space_size=2000 occupied_groups=1 emitted_groups=1
cuda_device_grouped_observation tick=11 box="world" view="population_cells" key_space_size=2000 occupied_groups=1 emitted_groups=1
cuda_device_grouped_observation tick=12 box="world" view="population_cells" key_space_size=2000 occupied_groups=1 emitted_groups=1
cuda_device_grouped_observation tick=13 box="world" view="population_cells" key_space_size=2000 occupied_groups=1 emitted_groups=1
cuda_device_grouped_observation tick=14 box="world" view="population_cells" key_space_size=2000 occupied_groups=1 emitted_groups=1
cuda_device_grouped_observation tick=15 box="world" view="population_cells" key_space_size=2000 occupied_groups=1 emitted_groups=1
cuda_device_grouped_observation tick=16 box="world" view="population_cells" key_space_size=2000 occupied_groups=1 emitted_groups=1
cuda_device_grouped_observation tick=17 box="world" view="population_cells" key_space_size=2000 occupied_groups=1 emitted_groups=1
cuda_device_grouped_observation tick=18 box="world" view="population_cells" key_space_size=2000 occupied_groups=1 emitted_groups=1
cuda_device_grouped_observation tick=19 box="world" view="population_cells" key_space_size=2000 occupied_groups=1 emitted_groups=1
model=fixtures/plans/grouped_observation.plan.json verdict=equal cpu_ticks_per_sec=11209.173 cuda_ticks_per_sec=257.245
cuda_device_observation eligible=true reason=all scalar and grouped views are device-eligible
cuda_device_observation_view box="population" view="I" eligible=true reason=count with a row-local filter
cuda_device_observation_view box="population" view="R" eligible=true reason=count with a row-local filter
cuda_device_observation_view box="population" view="S" eligible=true reason=count with a row-local filter
model=fixtures/plans/linked/epidemic_policy.plan.json verdict=equal cpu_ticks_per_sec=15858.592 cuda_ticks_per_sec=235.930
cuda_device_observation eligible=true reason=all scalar and grouped views are device-eligible
cuda_device_observation_view box="population" view="I" eligible=true reason=count with a row-local filter
cuda_device_observation_view box="population" view="R" eligible=true reason=count with a row-local filter
cuda_device_observation_view box="population" view="S" eligible=true reason=count with a row-local filter
model=fixtures/plans/linked/independent_epidemic_policy.plan.json verdict=equal cpu_ticks_per_sec=16472.755 cuda_ticks_per_sec=242.903
cuda_device_observation eligible=true reason=all scalar and grouped views are device-eligible
cuda_device_observation_view box="pong" view="seen_yes" eligible=true reason=count with a row-local filter
model=fixtures/plans/linked/ping_pong.plan.json verdict=equal cpu_ticks_per_sec=24552.078 cuda_ticks_per_sec=259.987
cuda_device_observation eligible=true reason=all scalar and grouped views are device-eligible
cuda_device_observation_view box="epidemic/population" view="I" eligible=true reason=count with a row-local filter
cuda_device_observation_view box="epidemic/population" view="R" eligible=true reason=count with a row-local filter
cuda_device_observation_view box="epidemic/population" view="S" eligible=true reason=count with a row-local filter
model=fixtures/plans/linked/regional_response.plan.json verdict=equal cpu_ticks_per_sec=15894.069 cuda_ticks_per_sec=228.560
cuda_device_observation eligible=true reason=all scalar and grouped views are device-eligible
cuda_device_observation_view box="population" view="I" eligible=true reason=count with a row-local filter
cuda_device_observation_view box="population" view="R" eligible=true reason=count with a row-local filter
cuda_device_observation_view box="population" view="S" eligible=true reason=count with a row-local filter
model=fixtures/plans/linked/solo_population.plan.json verdict=equal cpu_ticks_per_sec=16880.458 cuda_ticks_per_sec=242.633
cuda_device_observation eligible=true reason=all scalar and grouped views are device-eligible
cuda_device_observation_view box="north/population" view="I" eligible=true reason=count with a row-local filter
cuda_device_observation_view box="north/population" view="R" eligible=true reason=count with a row-local filter
cuda_device_observation_view box="north/population" view="S" eligible=true reason=count with a row-local filter
cuda_device_observation_view box="south/population" view="I" eligible=true reason=count with a row-local filter
cuda_device_observation_view box="south/population" view="R" eligible=true reason=count with a row-local filter
cuda_device_observation_view box="south/population" view="S" eligible=true reason=count with a row-local filter
model=fixtures/plans/linked/two_independent_regions.plan.json verdict=equal cpu_ticks_per_sec=11786.532 cuda_ticks_per_sec=220.149
cuda_device_observation eligible=true reason=all scalar and grouped views are device-eligible
cuda_device_observation_view box="north/population" view="I" eligible=true reason=count with a row-local filter
cuda_device_observation_view box="north/population" view="R" eligible=true reason=count with a row-local filter
cuda_device_observation_view box="north/population" view="S" eligible=true reason=count with a row-local filter
cuda_device_observation_view box="south/population" view="I" eligible=true reason=count with a row-local filter
cuda_device_observation_view box="south/population" view="R" eligible=true reason=count with a row-local filter
cuda_device_observation_view box="south/population" view="S" eligible=true reason=count with a row-local filter
model=fixtures/plans/linked/two_regions.plan.json verdict=equal cpu_ticks_per_sec=11182.055 cuda_ticks_per_sec=206.392
cuda_device_observation eligible=true reason=all scalar and grouped views are device-eligible
cuda_device_observation_view box="wpong/pong" view="seen_yes" eligible=true reason=count with a row-local filter
model=fixtures/plans/linked/wrapped_ping_pong.plan.json verdict=equal cpu_ticks_per_sec=24147.153 cuda_ticks_per_sec=264.087
cuda_device_observation eligible=false reason=at least one view requires host observation
cuda_device_observation_view box="population" view="active_count" eligible=true reason=count with a row-local filter
cuda_device_observation_view box="population" view="maximum_value" eligible=false reason=value is not a row-local infallible Int expression; Real extrema retain host NaN ordering
cuda_device_observation_view box="population" view="minimum_visits" eligible=true reason=Int min/max with row-local filter and value
cuda_device_observation_view box="population" view="total_value" eligible=false reason=Sum preserves host order for Real and host overflow association for Int
model=fixtures/plans/observations.plan.json verdict=equal cpu_ticks_per_sec=17083.504 cuda_ticks_per_sec=269.506
cuda_device_observation eligible=true reason=all scalar and grouped views are device-eligible
cuda_device_observation_view box="sir" view="I" eligible=true reason=count with a row-local filter
cuda_device_observation_view box="sir" view="R" eligible=true reason=count with a row-local filter
cuda_device_observation_view box="sir" view="S" eligible=true reason=count with a row-local filter
model=fixtures/plans/sir.plan.json verdict=equal cpu_ticks_per_sec=17985.547 cuda_ticks_per_sec=241.805
cuda_device_observation eligible=true reason=all scalar and grouped views are device-eligible
cuda_device_observation_view box="population" view="I" eligible=true reason=count with a row-local filter
cuda_device_observation_view box="population" view="R" eligible=true reason=count with a row-local filter
cuda_device_observation_view box="population" view="S" eligible=true reason=count with a row-local filter
model=fixtures/plans/sir_policy.plan.json verdict=equal cpu_ticks_per_sec=27.639 cuda_ticks_per_sec=2.639
cuda_device_observation eligible=false reason=no declared views; legacy state reporting requires host state
model=fixtures/plans/two_box.plan.json verdict=equal cpu_ticks_per_sec=23697.525 cuda_ticks_per_sec=262.760
cuda_device_observation eligible=false reason=no declared views; legacy state reporting requires host state
model=fixtures/plans/two_box_plus_sibling.plan.json verdict=equal cpu_ticks_per_sec=23090.635 cuda_ticks_per_sec=263.739
corpus_verdict=equal models=14
08e4d655d985c5e6ec29509078520873b88cd4cae4c847f39076435c18f27c7c  provenance.txt
cf2ec4bb2296ea2bbc35f597b05a43dc1fbaa99b685191ede3d0d664557148d5  diagnostic-corpus.log
26bcdb882a1b23680aaeaf9f5cb3ec72d2cb361e49c109a976f57131827760aa  tests.log
f72c18b68d3ede08e7e65637fa7d2564844b9031d1e833c818a995e4e4fe0187  demographic-corpus.log
d08cf917afde31e37c8efbac479a572745a5a5d72bc36c31f4ce08dc92faf2a1  demographic-grouped-corpus.log
ae4b9238516b0d71bf81931763445d53862de3b93545a7bb5f141f6e70d63c01  corpus.log
ad2bd19a535765d99be0d40e07b61ecc9bd48da7d2d5ddffcf65e712a1812ece  plan-corpus.log
CUDA differential corpus passed; evidence: /home/ubuntu/demographic-bench/differential-corpus
Copy the recorded commit/GPU/driver/verdict/rates into the dated evidence note, then destroy remote resources.
